Loading data...
Training ExtraTrees (full field)...
Predicting phase 1...
Predicting phase 2...

Phase 1 (ExtraTrees full field)

  KL by component
  component     mean KL               95% CI     max KL  mean score   mean bias  mean spread
  ──────────  ─────────  ───────────────────  ─────────  ──────────  ──────────  ───────────
  wing           2.0463  [ 1.7490,  2.3394]     5.3260      0.3998      0.0111       0.1643
  pylon          0.9854  [ 0.8100,  1.1644]     3.2794      0.5647     -0.0100       0.1258
  fuselage       0.7448  [ 0.6656,  0.8340]     2.6601      0.5923      0.0164       0.0888
  nacelle        0.4914  [ 0.4327,  0.5526]     1.5003      0.6879      0.0013       0.0577

  Global weighted KL: mean=1.1411  max=2.6984  mean score=0.5145

Phase 2 (ExtraTrees full field)

  KL by component
  component     mean KL               95% CI     max KL  mean score   mean bias  mean spread
  ──────────  ─────────  ───────────────────  ─────────  ──────────  ──────────  ───────────
  wing          10.6610  [10.2775, 11.0463]    13.4296      0.0872     -0.6539       0.9288
  pylon          8.3549  [ 7.5628,  9.2845]    15.5565      0.1225     -0.9079       0.8718
  fuselage       3.8274  [ 3.5594,  4.0797]     5.4665      0.2158     -1.1938       0.9880
  nacelle        4.7712  [ 4.0977,  5.4525]    10.0796      0.2052     -0.3778       0.8189

  Global weighted KL: mean=7.8921  max=10.0258  mean score=0.1138
Training HistGradientBoosting (full field via POD)...
POD: 100 modes, explained variance = 0.99579
