device: cuda
Loading data...
n_train=324  n_test1=72  n_test2=72
global train mean = 0.8773
sigma_ref = 1% of global mean = 0.00877
train/val split: 292 train  32 val
Training MLP (loss = sum of per simulation weighted KL, global reference)...
epoch    0  train KLw mean = 8.4540  val KLw mean = 6.5121  best = 6.5121 (epoch 0)
epoch   10  train KLw mean = 4.1589  val KLw mean = 3.0248  best = 3.0248 (epoch 10)
epoch   20  train KLw mean = 3.6220  val KLw mean = 2.7326  best = 2.7326 (epoch 20)
epoch   30  train KLw mean = 3.1480  val KLw mean = 2.1287  best = 2.1287 (epoch 30)
epoch   40  train KLw mean = 3.1513  val KLw mean = 2.8639  best = 2.0910 (epoch 33)
epoch   50  train KLw mean = 2.8749  val KLw mean = 2.1815  best = 1.8860 (epoch 49)
epoch   60  train KLw mean = 2.7840  val KLw mean = 2.0817  best = 1.7842 (epoch 51)
epoch   70  train KLw mean = 2.5203  val KLw mean = 1.5573  best = 1.5573 (epoch 70)
epoch   80  train KLw mean = 2.4766  val KLw mean = 2.0048  best = 1.5573 (epoch 70)
epoch   90  train KLw mean = 2.3541  val KLw mean = 1.6399  best = 1.5093 (epoch 89)
epoch  100  train KLw mean = 2.2602  val KLw mean = 1.5094  best = 1.4755 (epoch 97)
epoch  110  train KLw mean = 2.2034  val KLw mean = 1.3914  best = 1.3914 (epoch 110)
epoch  120  train KLw mean = 2.1192  val KLw mean = 1.5083  best = 1.3272 (epoch 119)
epoch  130  train KLw mean = 2.0398  val KLw mean = 1.3866  best = 1.2939 (epoch 127)
epoch  140  train KLw mean = 1.9438  val KLw mean = 1.4207  best = 1.2784 (epoch 134)
epoch  150  train KLw mean = 1.9110  val KLw mean = 1.3294  best = 1.2133 (epoch 148)
epoch  160  train KLw mean = 1.8497  val KLw mean = 1.2922  best = 1.2089 (epoch 155)
epoch  170  train KLw mean = 1.8717  val KLw mean = 1.4620  best = 1.1057 (epoch 169)
epoch  180  train KLw mean = 1.8261  val KLw mean = 1.1902  best = 1.0861 (epoch 174)
epoch  190  train KLw mean = 1.7625  val KLw mean = 1.1952  best = 1.0861 (epoch 174)
epoch  200  train KLw mean = 1.7091  val KLw mean = 1.1906  best = 1.0743 (epoch 192)
epoch  210  train KLw mean = 1.5998  val KLw mean = 1.1133  best = 1.0297 (epoch 205)
epoch  220  train KLw mean = 1.7094  val KLw mean = 1.2105  best = 1.0141 (epoch 217)
epoch  230  train KLw mean = 1.6168  val KLw mean = 1.0608  best = 0.9949 (epoch 222)
epoch  240  train KLw mean = 1.5281  val KLw mean = 0.9868  best = 0.9630 (epoch 231)
epoch  250  train KLw mean = 1.6048  val KLw mean = 0.9480  best = 0.9345 (epoch 242)
epoch  260  train KLw mean = 1.4976  val KLw mean = 0.9905  best = 0.9345 (epoch 242)
epoch  270  train KLw mean = 1.4608  val KLw mean = 1.0185  best = 0.9345 (epoch 242)
epoch  280  train KLw mean = 1.4745  val KLw mean = 0.9418  best = 0.9340 (epoch 272)
epoch  290  train KLw mean = 1.4287  val KLw mean = 0.9733  best = 0.9068 (epoch 289)
epoch  300  train KLw mean = 1.3957  val KLw mean = 0.9401  best = 0.9068 (epoch 289)
epoch  310  train KLw mean = 1.3133  val KLw mean = 0.9753  best = 0.9068 (epoch 289)
early stopping at epoch 319 (best epoch 289, val KLw mean 0.9068)
Saved: mlp_klw_globalref.pt (best epoch 289)

Phase 1 (global MLP, global ref)
  R2 global: 0.9457
  worst rMAE: sim 22  rMAE=0.0343  KL=3.9147  score=0.2035
  worst KL  : sim 22  KL=3.9147  score=0.2035  rMAE=0.0343

  KL by component
  component     mean KL     max KL  mean score   mean bias  mean spread
  wing           1.9556     7.2627      0.4029      0.0178       0.6106
  pylon          0.9290     3.2349      0.5761      0.0070       0.3467
  fuselage       0.6073     2.7241      0.6391      0.0164       0.2722
  nacelle        0.4463     1.8975      0.7117      0.0050       0.1885

  Global weighted KL: mean=1.1072  max=3.9147  mean score=0.5226

Phase 2 (global MLP, global ref)
  R2 global: 0.8560
  worst rMAE: sim 60  rMAE=0.0791  KL=6.5013  score=0.1333
  worst KL  : sim 17  KL=7.5520  score=0.1169  rMAE=0.0613

  KL by component
  component     mean KL     max KL  mean score   mean bias  mean spread
  wing           6.7088    12.0351      0.1885      0.2812       0.9472
  pylon          4.9424     8.2936      0.2290      0.3269       0.7768
  fuselage       1.6229     3.5860      0.4668      0.0830       0.5327
  nacelle        2.7848     8.3866      0.3013     -0.0892       0.3573

  Global weighted KL: mean=4.5749  max=7.5520  mean score=0.2234
