Collecting optuna
  Downloading optuna-4.9.0-py3-none-any.whl.metadata (15 kB)
Collecting alembic>=1.5.0 (from optuna)
  Downloading alembic-1.18.5-py3-none-any.whl.metadata (7.2 kB)
Collecting colorlog (from optuna)
  Downloading colorlog-6.12.0-py3-none-any.whl.metadata (11 kB)
Requirement already satisfied: numpy in ./.venv/lib64/python3.12/site-packages (from optuna) (2.4.6)
Requirement already satisfied: packaging>=20.0 in ./.venv/lib64/python3.12/site-packages (from optuna) (26.2)
Collecting sqlalchemy>=1.4.2 (from optuna)
  Downloading sqlalchemy-2.0.51-cp312-cp312-manylinux2014_x86_64.manylinux_2_17_x86_64.manylinux_2_28_x86_64.whl.metadata (9.5 kB)
Requirement already satisfied: tqdm in ./.venv/lib64/python3.12/site-packages (from optuna) (4.68.4)
Requirement already satisfied: PyYAML in ./.venv/lib64/python3.12/site-packages (from optuna) (6.0.3)
Collecting Mako (from alembic>=1.5.0->optuna)
  Downloading mako-1.3.12-py3-none-any.whl.metadata (2.9 kB)
Requirement already satisfied: typing-extensions>=4.12 in ./.venv/lib64/python3.12/site-packages (from alembic>=1.5.0->optuna) (4.15.0)
Collecting greenlet>=1 (from sqlalchemy>=1.4.2->optuna)
  Downloading greenlet-3.5.4-cp312-cp312-manylinux_2_24_x86_64.manylinux_2_28_x86_64.whl.metadata (3.8 kB)
Requirement already satisfied: MarkupSafe>=0.9.2 in ./.venv/lib64/python3.12/site-packages (from Mako->alembic>=1.5.0->optuna) (3.0.3)
Downloading optuna-4.9.0-py3-none-any.whl (425 kB)
Downloading alembic-1.18.5-py3-none-any.whl (264 kB)
Downloading sqlalchemy-2.0.51-cp312-cp312-manylinux2014_x86_64.manylinux_2_17_x86_64.manylinux_2_28_x86_64.whl (3.4 MB)
   ━━━━━━━━━━━━━━━━━━━━━━━━━━━━━━━━━━━━━━━━ 3.4/3.4 MB 33.2 MB/s  0:00:00
Downloading greenlet-3.5.4-cp312-cp312-manylinux_2_24_x86_64.manylinux_2_28_x86_64.whl (621 kB)
   ━━━━━━━━━━━━━━━━━━━━━━━━━━━━━━━━━━━━━━━━ 621.5/621.5 kB 15.3 MB/s  0:00:00
Downloading colorlog-6.12.0-py3-none-any.whl (12 kB)
Downloading mako-1.3.12-py3-none-any.whl (78 kB)
Installing collected packages: Mako, greenlet, colorlog, sqlalchemy, alembic, optuna

Successfully installed Mako-1.3.12 alembic-1.18.5 colorlog-6.12.0 greenlet-3.5.4 optuna-4.9.0 sqlalchemy-2.0.51
Loading static graph/features (shared across all trials, k fixed)...
n_train=324
