Loading static graph/features...
n_train=324  n_test1=72
train/val split: 292 train  32 val (patience=15)
epoch 1/100  loss=0.09618  val_loss=0.01562  best_val=0.01562 (epoch 1)  (44.0s)
epoch 2/100  loss=0.02535  val_loss=0.01207  best_val=0.01207 (epoch 2)  (43.1s)
epoch 3/100  loss=0.01816  val_loss=0.01014  best_val=0.01014 (epoch 3)  (43.1s)
epoch 4/100  loss=0.01478  val_loss=0.00900  best_val=0.00900 (epoch 4)  (43.1s)
epoch 5/100  loss=0.01288  val_loss=0.00849  best_val=0.00849 (epoch 5)  (43.1s)
  test_phase1  R2=0.6416  worst_rMAE=0.1209  mean_rMAE=0.0900  mean_KLw=12.2874  max_KLw=13.2591
epoch 6/100  loss=0.01152  val_loss=0.00763  best_val=0.00763 (epoch 6)  (43.1s)
epoch 7/100  loss=0.01070  val_loss=0.00804  best_val=0.00763 (epoch 6)  (43.1s)
epoch 8/100  loss=0.01018  val_loss=0.00713  best_val=0.00713 (epoch 8)  (43.1s)
epoch 9/100  loss=0.00888  val_loss=0.00629  best_val=0.00629 (epoch 9)  (43.1s)
epoch 10/100  loss=0.00836  val_loss=0.00584  best_val=0.00584 (epoch 10)  (43.1s)
  test_phase1  R2=0.7519  worst_rMAE=0.0925  mean_rMAE=0.0743  mean_KLw=11.2531  max_KLw=12.6268
epoch 11/100  loss=0.00778  val_loss=0.00543  best_val=0.00543 (epoch 11)  (43.1s)
epoch 12/100  loss=0.00806  val_loss=0.00541  best_val=0.00541 (epoch 12)  (43.1s)
epoch 13/100  loss=0.00707  val_loss=0.00472  best_val=0.00472 (epoch 13)  (43.1s)
epoch 14/100  loss=0.00653  val_loss=0.00492  best_val=0.00472 (epoch 13)  (43.1s)
epoch 15/100  loss=0.00628  val_loss=0.00607  best_val=0.00472 (epoch 13)  (43.1s)
  test_phase1  R2=0.7420  worst_rMAE=0.1080  mean_rMAE=0.0790  mean_KLw=12.5744  max_KLw=14.1007
epoch 16/100  loss=0.00609  val_loss=0.00409  best_val=0.00409 (epoch 16)  (43.1s)
epoch 17/100  loss=0.00562  val_loss=0.00387  best_val=0.00387 (epoch 17)  (43.1s)
epoch 18/100  loss=0.00522  val_loss=0.00394  best_val=0.00387 (epoch 17)  (43.1s)
epoch 19/100  loss=0.00520  val_loss=0.00405  best_val=0.00387 (epoch 17)  (43.2s)
epoch 20/100  loss=0.00488  val_loss=0.00365  best_val=0.00365 (epoch 20)  (43.2s)
  test_phase1  R2=0.8457  worst_rMAE=0.0753  mean_rMAE=0.0557  mean_KLw=8.5060  max_KLw=10.5675
epoch 21/100  loss=0.00464  val_loss=0.00351  best_val=0.00351 (epoch 21)  (43.2s)
epoch 22/100  loss=0.00441  val_loss=0.00302  best_val=0.00302 (epoch 22)  (43.2s)
epoch 23/100  loss=0.00461  val_loss=0.00319  best_val=0.00302 (epoch 22)  (43.2s)
epoch 24/100  loss=0.00462  val_loss=0.00286  best_val=0.00286 (epoch 24)  (43.2s)
epoch 25/100  loss=0.00403  val_loss=0.00298  best_val=0.00286 (epoch 24)  (43.1s)
  test_phase1  R2=0.8788  worst_rMAE=0.0654  mean_rMAE=0.0488  mean_KLw=7.6039  max_KLw=9.7126
epoch 26/100  loss=0.00389  val_loss=0.00294  best_val=0.00286 (epoch 24)  (43.1s)
epoch 27/100  loss=0.00407  val_loss=0.00269  best_val=0.00269 (epoch 27)  (43.1s)
epoch 28/100  loss=0.00404  val_loss=0.00271  best_val=0.00269 (epoch 27)  (43.1s)
epoch 29/100  loss=0.00359  val_loss=0.00261  best_val=0.00261 (epoch 29)  (43.1s)
epoch 30/100  loss=0.00367  val_loss=0.00301  best_val=0.00261 (epoch 29)  (43.1s)
  test_phase1  R2=0.8672  worst_rMAE=0.0737  mean_rMAE=0.0511  mean_KLw=7.5558  max_KLw=10.0287
epoch 31/100  loss=0.00365  val_loss=0.00388  best_val=0.00261 (epoch 29)  (43.1s)
epoch 32/100  loss=0.00350  val_loss=0.00351  best_val=0.00261 (epoch 29)  (43.1s)
epoch 33/100  loss=0.00360  val_loss=0.00548  best_val=0.00261 (epoch 29)  (43.1s)
epoch 34/100  loss=0.00396  val_loss=0.00275  best_val=0.00261 (epoch 29)  (43.1s)
epoch 35/100  loss=0.00333  val_loss=0.00253  best_val=0.00253 (epoch 35)  (43.1s)
  test_phase1  R2=0.8950  worst_rMAE=0.0665  mean_rMAE=0.0438  mean_KLw=6.3173  max_KLw=8.5576
epoch 36/100  loss=0.00325  val_loss=0.00345  best_val=0.00253 (epoch 35)  (43.1s)
epoch 37/100  loss=0.00329  val_loss=0.00244  best_val=0.00244 (epoch 37)  (43.1s)
epoch 38/100  loss=0.00315  val_loss=0.00256  best_val=0.00244 (epoch 37)  (43.1s)
epoch 39/100  loss=0.00312  val_loss=0.00245  best_val=0.00244 (epoch 37)  (43.1s)
epoch 40/100  loss=0.00318  val_loss=0.00218  best_val=0.00218 (epoch 40)  (43.1s)
  test_phase1  R2=0.9088  worst_rMAE=0.0584  mean_rMAE=0.0406  mean_KLw=5.8386  max_KLw=7.6103
epoch 41/100  loss=0.00303  val_loss=0.00241  best_val=0.00218 (epoch 40)  (43.1s)
epoch 42/100  loss=0.00288  val_loss=0.00246  best_val=0.00218 (epoch 40)  (43.1s)
epoch 43/100  loss=0.00329  val_loss=0.00264  best_val=0.00218 (epoch 40)  (43.1s)
epoch 44/100  loss=0.00300  val_loss=0.00199  best_val=0.00199 (epoch 44)  (43.1s)
epoch 45/100  loss=0.00315  val_loss=0.00202  best_val=0.00199 (epoch 44)  (43.1s)
  test_phase1  R2=0.9188  worst_rMAE=0.0560  mean_rMAE=0.0387  mean_KLw=5.5295  max_KLw=8.0227
epoch 46/100  loss=0.00299  val_loss=0.00205  best_val=0.00199 (epoch 44)  (43.1s)
epoch 47/100  loss=0.00306  val_loss=0.00194  best_val=0.00194 (epoch 47)  (43.1s)
epoch 48/100  loss=0.00281  val_loss=0.00226  best_val=0.00194 (epoch 47)  (43.1s)
epoch 49/100  loss=0.00268  val_loss=0.00206  best_val=0.00194 (epoch 47)  (43.1s)
epoch 50/100  loss=0.00272  val_loss=0.00179  best_val=0.00179 (epoch 50)  (43.1s)
  test_phase1  R2=0.9243  worst_rMAE=0.0521  mean_rMAE=0.0361  mean_KLw=4.9270  max_KLw=6.8682
epoch 51/100  loss=0.00293  val_loss=0.00238  best_val=0.00179 (epoch 50)  (43.1s)
epoch 52/100  loss=0.00259  val_loss=0.00202  best_val=0.00179 (epoch 50)  (43.1s)
epoch 53/100  loss=0.00270  val_loss=0.00182  best_val=0.00179 (epoch 50)  (43.1s)
epoch 54/100  loss=0.00287  val_loss=0.00175  best_val=0.00175 (epoch 54)  (43.1s)
epoch 55/100  loss=0.00251  val_loss=0.00194  best_val=0.00175 (epoch 54)  (43.2s)
  test_phase1  R2=0.9212  worst_rMAE=0.0521  mean_rMAE=0.0388  mean_KLw=5.6044  max_KLw=7.8875
epoch 56/100  loss=0.00251  val_loss=0.00207  best_val=0.00175 (epoch 54)  (43.2s)
epoch 57/100  loss=0.00254  val_loss=0.00192  best_val=0.00175 (epoch 54)  (43.1s)
epoch 58/100  loss=0.00261  val_loss=0.00307  best_val=0.00175 (epoch 54)  (43.1s)
epoch 59/100  loss=0.00258  val_loss=0.00199  best_val=0.00175 (epoch 54)  (43.1s)
epoch 60/100  loss=0.00273  val_loss=0.00173  best_val=0.00173 (epoch 60)  (43.1s)
  test_phase1  R2=0.9332  worst_rMAE=0.0487  mean_rMAE=0.0363  mean_KLw=5.2899  max_KLw=8.3290
epoch 61/100  loss=0.00230  val_loss=0.00205  best_val=0.00173 (epoch 60)  (43.1s)
epoch 62/100  loss=0.00242  val_loss=0.00175  best_val=0.00173 (epoch 60)  (43.1s)
epoch 63/100  loss=0.00252  val_loss=0.00184  best_val=0.00173 (epoch 60)  (43.1s)
epoch 64/100  loss=0.00237  val_loss=0.00178  best_val=0.00173 (epoch 60)  (43.1s)
epoch 65/100  loss=0.00262  val_loss=0.00179  best_val=0.00173 (epoch 60)  (43.1s)
  test_phase1  R2=0.9286  worst_rMAE=0.0532  mean_rMAE=0.0376  mean_KLw=5.6535  max_KLw=7.8461
epoch 66/100  loss=0.00241  val_loss=0.00155  best_val=0.00155 (epoch 66)  (43.1s)
epoch 67/100  loss=0.00237  val_loss=0.00273  best_val=0.00155 (epoch 66)  (43.1s)
epoch 68/100  loss=0.00236  val_loss=0.00174  best_val=0.00155 (epoch 66)  (43.1s)
epoch 69/100  loss=0.00229  val_loss=0.00148  best_val=0.00148 (epoch 69)  (43.1s)
epoch 70/100  loss=0.00211  val_loss=0.00153  best_val=0.00148 (epoch 69)  (43.1s)
  test_phase1  R2=0.9395  worst_rMAE=0.0483  mean_rMAE=0.0343  mean_KLw=4.8773  max_KLw=7.2830
epoch 71/100  loss=0.00223  val_loss=0.00158  best_val=0.00148 (epoch 69)  (43.1s)
epoch 72/100  loss=0.00256  val_loss=0.00191  best_val=0.00148 (epoch 69)  (43.1s)
epoch 73/100  loss=0.00215  val_loss=0.00168  best_val=0.00148 (epoch 69)  (43.1s)
epoch 74/100  loss=0.00235  val_loss=0.00183  best_val=0.00148 (epoch 69)  (43.1s)
epoch 75/100  loss=0.00217  val_loss=0.00157  best_val=0.00148 (epoch 69)  (43.1s)
  test_phase1  R2=0.9395  worst_rMAE=0.0552  mean_rMAE=0.0334  mean_KLw=4.6146  max_KLw=8.0624
epoch 76/100  loss=0.00210  val_loss=0.00152  best_val=0.00148 (epoch 69)  (43.1s)
epoch 77/100  loss=0.00209  val_loss=0.00215  best_val=0.00148 (epoch 69)  (43.1s)
epoch 78/100  loss=0.00212  val_loss=0.00265  best_val=0.00148 (epoch 69)  (43.2s)
epoch 79/100  loss=0.00241  val_loss=0.00172  best_val=0.00148 (epoch 69)  (43.2s)
epoch 80/100  loss=0.00208  val_loss=0.00198  best_val=0.00148 (epoch 69)  (43.2s)
  test_phase1  R2=0.9295  worst_rMAE=0.0517  mean_rMAE=0.0378  mean_KLw=5.6122  max_KLw=7.9348
epoch 81/100  loss=0.00212  val_loss=0.00152  best_val=0.00148 (epoch 69)  (43.2s)
epoch 82/100  loss=0.00228  val_loss=0.00193  best_val=0.00148 (epoch 69)  (43.2s)
epoch 83/100  loss=0.00203  val_loss=0.00179  best_val=0.00148 (epoch 69)  (43.1s)
epoch 84/100  loss=0.00228  val_loss=0.00237  best_val=0.00148 (epoch 69)  (43.1s)
early stopping at epoch 84 (best epoch 69, val_loss=0.00148)
