Loading static graph/features (shared across all trials, k fixed)...
n_train=324
trial 51: hidden_dim=64 n_layers=5 lr=6.73e-03 dropout=0.099 weight_decay=5.27e-06
  trial 51  epoch 0  val_loss=0.01386  best=0.01386  bad_epochs=0
  trial 51  epoch 1  val_loss=0.01092  best=0.01092  bad_epochs=0
  trial 51  epoch 2  val_loss=0.00930  best=0.00930  bad_epochs=0
  trial 51  epoch 3  val_loss=0.00779  best=0.00779  bad_epochs=0
  trial 51  epoch 4  val_loss=0.00748  best=0.00748  bad_epochs=0
  trial 51  epoch 5  val_loss=0.00565  best=0.00565  bad_epochs=0
  trial 51  epoch 6  val_loss=0.01077  best=0.00565  bad_epochs=1
  trial 51  epoch 7  val_loss=0.00505  best=0.00505  bad_epochs=0
  trial 51  epoch 8  val_loss=0.00870  best=0.00505  bad_epochs=1
  trial 51  epoch 9  val_loss=0.00438  best=0.00438  bad_epochs=0
  trial 51  epoch 10  val_loss=0.00516  best=0.00438  bad_epochs=1
  trial 51  epoch 11  val_loss=0.00368  best=0.00368  bad_epochs=0
  trial 51  epoch 12  val_loss=0.00641  best=0.00368  bad_epochs=1
  trial 51  epoch 13  val_loss=0.00370  best=0.00368  bad_epochs=2
  trial 51  epoch 14  val_loss=0.00411  best=0.00368  bad_epochs=3
  trial 51  epoch 15  val_loss=0.00372  best=0.00368  bad_epochs=4
  trial 51  epoch 16  val_loss=0.00371  best=0.00368  bad_epochs=5
  trial 51  epoch 17  val_loss=0.00737  best=0.00368  bad_epochs=6
  trial 51  epoch 18  val_loss=0.00307  best=0.00307  bad_epochs=0
  trial 51  epoch 19  val_loss=0.00280  best=0.00280  bad_epochs=0
  trial 51  epoch 20  val_loss=0.00423  best=0.00280  bad_epochs=1
  trial 51  epoch 21  val_loss=0.00270  best=0.00270  bad_epochs=0
  trial 51  epoch 22  val_loss=0.00413  best=0.00270  bad_epochs=1
  trial 51  epoch 23  val_loss=0.00310  best=0.00270  bad_epochs=2
  trial 51  epoch 24  val_loss=0.00355  best=0.00270  bad_epochs=3
  trial 51  epoch 25  val_loss=0.00520  best=0.00270  bad_epochs=4
  trial 51  epoch 26  val_loss=0.00310  best=0.00270  bad_epochs=5
  trial 51  epoch 27  val_loss=0.00317  best=0.00270  bad_epochs=6
  trial 51  epoch 28  val_loss=0.00633  best=0.00270  bad_epochs=7
  trial 51  epoch 29  val_loss=0.00258  best=0.00258  bad_epochs=0
  trial 51  epoch 30  val_loss=0.00366  best=0.00258  bad_epochs=1
  trial 51  epoch 31  val_loss=0.00256  best=0.00256  bad_epochs=0
  trial 51  epoch 32  val_loss=0.00357  best=0.00256  bad_epochs=1
  trial 51  epoch 33  val_loss=0.00320  best=0.00256  bad_epochs=2
  trial 51  epoch 34  val_loss=0.00292  best=0.00256  bad_epochs=3
  trial 51  epoch 35  val_loss=0.00241  best=0.00241  bad_epochs=0
  trial 51  epoch 36  val_loss=0.00562  best=0.00241  bad_epochs=1
  trial 51  epoch 37  val_loss=0.00403  best=0.00241  bad_epochs=2
  trial 51  epoch 38  val_loss=0.00249  best=0.00241  bad_epochs=3
  trial 51  epoch 39  val_loss=0.00302  best=0.00241  bad_epochs=4
  trial 51  epoch 40  val_loss=0.00502  best=0.00241  bad_epochs=5
  trial 51  epoch 41  val_loss=0.00295  best=0.00241  bad_epochs=6
  trial 51  epoch 42  val_loss=0.00288  best=0.00241  bad_epochs=7
  trial 51  epoch 43  val_loss=0.00340  best=0.00241  bad_epochs=8
  trial 51  epoch 44  val_loss=0.00310  best=0.00241  bad_epochs=9
  trial 51  epoch 45  val_loss=0.00265  best=0.00241  bad_epochs=10
trial 52: hidden_dim=64 n_layers=5 lr=2.09e-03 dropout=0.066 weight_decay=1.37e-06
  trial 52  epoch 0  val_loss=0.01363  best=0.01363  bad_epochs=0
  trial 52  epoch 1  val_loss=0.01056  best=0.01056  bad_epochs=0
  trial 52  epoch 2  val_loss=0.01256  best=0.01056  bad_epochs=1
  trial 52  epoch 3  val_loss=0.00821  best=0.00821  bad_epochs=0
  trial 52  epoch 4  val_loss=0.00668  best=0.00668  bad_epochs=0
  trial 52  epoch 5  val_loss=0.00737  best=0.00668  bad_epochs=1
  trial 52  epoch 6  val_loss=0.00950  best=0.00668  bad_epochs=2
  trial 52  epoch 7  val_loss=0.00465  best=0.00465  bad_epochs=0
  trial 52  epoch 8  val_loss=0.00994  best=0.00465  bad_epochs=1
  trial 52  epoch 9  val_loss=0.00532  best=0.00465  bad_epochs=2
  trial 52  epoch 10  val_loss=0.00518  best=0.00465  bad_epochs=3
  trial 52  epoch 11  val_loss=0.00386  best=0.00386  bad_epochs=0
  trial 52  epoch 12  val_loss=0.00372  best=0.00372  bad_epochs=0
  trial 52  epoch 13  val_loss=0.00416  best=0.00372  bad_epochs=1
  trial 52  epoch 14  val_loss=0.00309  best=0.00309  bad_epochs=0
  trial 52  epoch 15  val_loss=0.00424  best=0.00309  bad_epochs=1
  trial 52  epoch 16  val_loss=0.00299  best=0.00299  bad_epochs=0
  trial 52  epoch 17  val_loss=0.00683  best=0.00299  bad_epochs=1
  trial 52  epoch 18  val_loss=0.00276  best=0.00276  bad_epochs=0
  trial 52  epoch 19  val_loss=0.00339  best=0.00276  bad_epochs=1
  trial 52  epoch 20  val_loss=0.00245  best=0.00245  bad_epochs=0
  trial 52  epoch 21  val_loss=0.00262  best=0.00245  bad_epochs=1
  trial 52  epoch 22  val_loss=0.00366  best=0.00245  bad_epochs=2
  trial 52  epoch 23  val_loss=0.00220  best=0.00220  bad_epochs=0
  trial 52  epoch 24  val_loss=0.00263  best=0.00220  bad_epochs=1
  trial 52  epoch 25  val_loss=0.00334  best=0.00220  bad_epochs=2
  trial 52  epoch 26  val_loss=0.00261  best=0.00220  bad_epochs=3
  trial 52  epoch 27  val_loss=0.00228  best=0.00220  bad_epochs=4
  trial 52  epoch 28  val_loss=0.00294  best=0.00220  bad_epochs=5
  trial 52  epoch 29  val_loss=0.00218  best=0.00218  bad_epochs=0
  trial 52  epoch 30  val_loss=0.00225  best=0.00218  bad_epochs=1
  trial 52  epoch 31  val_loss=0.00190  best=0.00190  bad_epochs=0
  trial 52  epoch 32  val_loss=0.00235  best=0.00190  bad_epochs=1
  trial 52  epoch 33  val_loss=0.00189  best=0.00189  bad_epochs=0
  trial 52  epoch 34  val_loss=0.00177  best=0.00177  bad_epochs=0
  trial 52  epoch 35  val_loss=0.00228  best=0.00177  bad_epochs=1
  trial 52  epoch 36  val_loss=0.00221  best=0.00177  bad_epochs=2
  trial 52  epoch 37  val_loss=0.00267  best=0.00177  bad_epochs=3
  trial 52  epoch 38  val_loss=0.00227  best=0.00177  bad_epochs=4
  trial 52  epoch 39  val_loss=0.00188  best=0.00177  bad_epochs=5
  trial 52  epoch 40  val_loss=0.00216  best=0.00177  bad_epochs=6
  trial 52  epoch 41  val_loss=0.00176  best=0.00176  bad_epochs=0
  trial 52  epoch 42  val_loss=0.00229  best=0.00176  bad_epochs=1
  trial 52  epoch 43  val_loss=0.00148  best=0.00148  bad_epochs=0
  trial 52  epoch 44  val_loss=0.00154  best=0.00148  bad_epochs=1
  trial 52  epoch 45  val_loss=0.00125  best=0.00125  bad_epochs=0
  trial 52  epoch 46  val_loss=0.00178  best=0.00125  bad_epochs=1
  trial 52  epoch 47  val_loss=0.00170  best=0.00125  bad_epochs=2
  trial 52  epoch 48  val_loss=0.00138  best=0.00125  bad_epochs=3
  trial 52  epoch 49  val_loss=0.00162  best=0.00125  bad_epochs=4
  trial 52  epoch 50  val_loss=0.00124  best=0.00124  bad_epochs=0
  trial 52  epoch 51  val_loss=0.00209  best=0.00124  bad_epochs=1
  trial 52  epoch 52  val_loss=0.00159  best=0.00124  bad_epochs=2
  trial 52  epoch 53  val_loss=0.00127  best=0.00124  bad_epochs=3
  trial 52  epoch 54  val_loss=0.00179  best=0.00124  bad_epochs=4
  trial 52  epoch 55  val_loss=0.00126  best=0.00124  bad_epochs=5
  trial 52  epoch 56  val_loss=0.00126  best=0.00124  bad_epochs=6
  trial 52  epoch 57  val_loss=0.00116  best=0.00116  bad_epochs=0
  trial 52  epoch 58  val_loss=0.00159  best=0.00116  bad_epochs=1
  trial 52  epoch 59  val_loss=0.00215  best=0.00116  bad_epochs=2
trial 53: hidden_dim=64 n_layers=4 lr=1.88e-03 dropout=0.061 weight_decay=1.26e-06
  trial 53  epoch 0  val_loss=0.01130  best=0.01130  bad_epochs=0
  trial 53  epoch 1  val_loss=0.01591  best=0.01130  bad_epochs=1
  trial 53  epoch 2  val_loss=0.01103  best=0.01103  bad_epochs=0
  trial 53  epoch 3  val_loss=0.00582  best=0.00582  bad_epochs=0
  trial 53  epoch 4  val_loss=0.00511  best=0.00511  bad_epochs=0
  trial 53  epoch 5  val_loss=0.00464  best=0.00464  bad_epochs=0
  trial 53  epoch 6  val_loss=0.00598  best=0.00464  bad_epochs=1
  trial 53  epoch 7  val_loss=0.00430  best=0.00430  bad_epochs=0
  trial 53  epoch 8  val_loss=0.00445  best=0.00430  bad_epochs=1
  trial 53  epoch 9  val_loss=0.00351  best=0.00351  bad_epochs=0
  trial 53  epoch 10  val_loss=0.00527  best=0.00351  bad_epochs=1
  trial 53  epoch 11  val_loss=0.00319  best=0.00319  bad_epochs=0
  trial 53  epoch 12  val_loss=0.00392  best=0.00319  bad_epochs=1
  trial 53  epoch 13  val_loss=0.00361  best=0.00319  bad_epochs=2
  trial 53  epoch 14  val_loss=0.00254  best=0.00254  bad_epochs=0
  trial 53  epoch 15  val_loss=0.00294  best=0.00254  bad_epochs=1
  trial 53  epoch 16  val_loss=0.00250  best=0.00250  bad_epochs=0
  trial 53  epoch 17  val_loss=0.00548  best=0.00250  bad_epochs=1
  trial 53  epoch 18  val_loss=0.00255  best=0.00250  bad_epochs=2
  trial 53  epoch 19  val_loss=0.00353  best=0.00250  bad_epochs=3
  trial 53  epoch 20  val_loss=0.00230  best=0.00230  bad_epochs=0
  trial 53  epoch 21  val_loss=0.00239  best=0.00230  bad_epochs=1
  trial 53  epoch 22  val_loss=0.00221  best=0.00221  bad_epochs=0
  trial 53  epoch 23  val_loss=0.00225  best=0.00221  bad_epochs=1
  trial 53  epoch 24  val_loss=0.00257  best=0.00221  bad_epochs=2
  trial 53  epoch 25  val_loss=0.00291  best=0.00221  bad_epochs=3
  trial 53  epoch 26  val_loss=0.00206  best=0.00206  bad_epochs=0
  trial 53  epoch 27  val_loss=0.00210  best=0.00206  bad_epochs=1
  trial 53  epoch 28  val_loss=0.00225  best=0.00206  bad_epochs=2
  trial 53  epoch 29  val_loss=0.00200  best=0.00200  bad_epochs=0
  trial 53  epoch 30  val_loss=0.00572  best=0.00200  bad_epochs=1
  trial 53  epoch 31  val_loss=0.00174  best=0.00174  bad_epochs=0
  trial 53  epoch 32  val_loss=0.00252  best=0.00174  bad_epochs=1
  trial 53  epoch 33  val_loss=0.00169  best=0.00169  bad_epochs=0
  trial 53  epoch 34  val_loss=0.00152  best=0.00152  bad_epochs=0
  trial 53  epoch 35  val_loss=0.00178  best=0.00152  bad_epochs=1
  trial 53  epoch 36  val_loss=0.00253  best=0.00152  bad_epochs=2
  trial 53  epoch 37  val_loss=0.00169  best=0.00152  bad_epochs=3
  trial 53  epoch 38  val_loss=0.00177  best=0.00152  bad_epochs=4
  trial 53  epoch 39  val_loss=0.00195  best=0.00152  bad_epochs=5
  trial 53  epoch 40  val_loss=0.00163  best=0.00152  bad_epochs=6
  trial 53  epoch 41  val_loss=0.00163  best=0.00152  bad_epochs=7
  trial 53  epoch 42  val_loss=0.00175  best=0.00152  bad_epochs=8
  trial 53  epoch 43  val_loss=0.00170  best=0.00152  bad_epochs=9
  trial 53  epoch 44  val_loss=0.00159  best=0.00152  bad_epochs=10
trial 54: hidden_dim=64 n_layers=4 lr=2.12e-03 dropout=0.006 weight_decay=1.45e-06
  trial 54  epoch 0  val_loss=0.01070  best=0.01070  bad_epochs=0
  trial 54  epoch 1  val_loss=0.03262  best=0.01070  bad_epochs=1
  trial 54  epoch 2  val_loss=0.00728  best=0.00728  bad_epochs=0
  trial 54  epoch 3  val_loss=0.00620  best=0.00620  bad_epochs=0
  trial 54  epoch 4  val_loss=0.00554  best=0.00554  bad_epochs=0
  trial 54  epoch 5  val_loss=0.00481  best=0.00481  bad_epochs=0
  trial 54  epoch 6  val_loss=0.00434  best=0.00434  bad_epochs=0
  trial 54  epoch 7  val_loss=0.00423  best=0.00423  bad_epochs=0
  trial 54  epoch 8  val_loss=0.00520  best=0.00423  bad_epochs=1
  trial 54  epoch 9  val_loss=0.00587  best=0.00423  bad_epochs=2
  trial 54  epoch 10  val_loss=0.00977  best=0.00423  bad_epochs=3
  trial 54  epoch 11  val_loss=0.00355  best=0.00355  bad_epochs=0
  trial 54  epoch 12  val_loss=0.00314  best=0.00314  bad_epochs=0
  trial 54  epoch 13  val_loss=0.00366  best=0.00314  bad_epochs=1
  trial 54  epoch 14  val_loss=0.00291  best=0.00291  bad_epochs=0
  trial 54  epoch 15  val_loss=0.00294  best=0.00291  bad_epochs=1
  trial 54  epoch 16  val_loss=0.00263  best=0.00263  bad_epochs=0
  trial 54  epoch 17  val_loss=0.00688  best=0.00263  bad_epochs=1
  trial 54  epoch 18  val_loss=0.00247  best=0.00247  bad_epochs=0
  trial 54  epoch 19  val_loss=0.00285  best=0.00247  bad_epochs=1
  trial 54  epoch 20  val_loss=0.00316  best=0.00247  bad_epochs=2
  trial 54  epoch 21  val_loss=0.00286  best=0.00247  bad_epochs=3
  trial 54  epoch 22  val_loss=0.00286  best=0.00247  bad_epochs=4
  trial 54  epoch 23  val_loss=0.00202  best=0.00202  bad_epochs=0
  trial 54  epoch 24  val_loss=0.00301  best=0.00202  bad_epochs=1
  trial 54  epoch 25  val_loss=0.00493  best=0.00202  bad_epochs=2
  trial 54  epoch 26  val_loss=0.00222  best=0.00202  bad_epochs=3
  trial 54  epoch 27  val_loss=0.00241  best=0.00202  bad_epochs=4
  trial 54  epoch 28  val_loss=0.00197  best=0.00197  bad_epochs=0
  trial 54  epoch 29  val_loss=0.00207  best=0.00197  bad_epochs=1
  trial 54  epoch 30  val_loss=0.00266  best=0.00197  bad_epochs=2
  trial 54  epoch 31  val_loss=0.00170  best=0.00170  bad_epochs=0
  trial 54  epoch 32  val_loss=0.00184  best=0.00170  bad_epochs=1
  trial 54  epoch 33  val_loss=0.00178  best=0.00170  bad_epochs=2
  trial 54  epoch 34  val_loss=0.00190  best=0.00170  bad_epochs=3
  trial 54  epoch 35  val_loss=0.00168  best=0.00168  bad_epochs=0
  trial 54  epoch 36  val_loss=0.00229  best=0.00168  bad_epochs=1
  trial 54  epoch 37  val_loss=0.00207  best=0.00168  bad_epochs=2
  trial 54  epoch 38  val_loss=0.00198  best=0.00168  bad_epochs=3
  trial 54  epoch 39  val_loss=0.00177  best=0.00168  bad_epochs=4
  trial 54  epoch 40  val_loss=0.00177  best=0.00168  bad_epochs=5
  trial 54  epoch 41  val_loss=0.00160  best=0.00160  bad_epochs=0
  trial 54  epoch 42  val_loss=0.00234  best=0.00160  bad_epochs=1
  trial 54  epoch 43  val_loss=0.00150  best=0.00150  bad_epochs=0
  trial 54  epoch 44  val_loss=0.00185  best=0.00150  bad_epochs=1
  trial 54  epoch 45  val_loss=0.00167  best=0.00150  bad_epochs=2
  trial 54  epoch 46  val_loss=0.00235  best=0.00150  bad_epochs=3
  trial 54  epoch 47  val_loss=0.00137  best=0.00137  bad_epochs=0
  trial 54  epoch 48  val_loss=0.00173  best=0.00137  bad_epochs=1
  trial 54  epoch 49  val_loss=0.00207  best=0.00137  bad_epochs=2
  trial 54  epoch 50  val_loss=0.00134  best=0.00134  bad_epochs=0
  trial 54  epoch 51  val_loss=0.00213  best=0.00134  bad_epochs=1
  trial 54  epoch 52  val_loss=0.00146  best=0.00134  bad_epochs=2
  trial 54  epoch 53  val_loss=0.00145  best=0.00134  bad_epochs=3
  trial 54  epoch 54  val_loss=0.00142  best=0.00134  bad_epochs=4
  trial 54  epoch 55  val_loss=0.00136  best=0.00134  bad_epochs=5
  trial 54  epoch 56  val_loss=0.00138  best=0.00134  bad_epochs=6
  trial 54  epoch 57  val_loss=0.00118  best=0.00118  bad_epochs=0
  trial 54  epoch 58  val_loss=0.00191  best=0.00118  bad_epochs=1
  trial 54  epoch 59  val_loss=0.00168  best=0.00118  bad_epochs=2
trial 55: hidden_dim=64 n_layers=4 lr=3.16e-03 dropout=0.001 weight_decay=1.92e-06
  trial 55  epoch 0  val_loss=0.01139  best=0.01139  bad_epochs=0
  trial 55  epoch 1  val_loss=0.04277  best=0.01139  bad_epochs=1
  trial 55  epoch 2  val_loss=0.00780  best=0.00780  bad_epochs=0
  trial 55  epoch 3  val_loss=0.00665  best=0.00665  bad_epochs=0
  trial 55  epoch 4  val_loss=0.00584  best=0.00584  bad_epochs=0
  trial 55  epoch 5  val_loss=0.00506  best=0.00506  bad_epochs=0
  trial 55  epoch 6  val_loss=0.01188  best=0.00506  bad_epochs=1
  trial 55  epoch 7  val_loss=0.00380  best=0.00380  bad_epochs=0
  trial 55  epoch 8  val_loss=0.00915  best=0.00380  bad_epochs=1
  trial 55  epoch 9  val_loss=0.00368  best=0.00368  bad_epochs=0
  trial 55  epoch 10  val_loss=0.00376  best=0.00368  bad_epochs=1
  trial 55  epoch 11  val_loss=0.00407  best=0.00368  bad_epochs=2
  trial 55  epoch 12  val_loss=0.00515  best=0.00368  bad_epochs=3
  trial 55  epoch 13  val_loss=0.00356  best=0.00356  bad_epochs=0
  trial 55  epoch 14  val_loss=0.00296  best=0.00296  bad_epochs=0
  trial 55  epoch 15  val_loss=0.00311  best=0.00296  bad_epochs=1
  trial 55  epoch 16  val_loss=0.00558  best=0.00296  bad_epochs=2
  trial 55  epoch 17  val_loss=0.00403  best=0.00296  bad_epochs=3
  trial 55  epoch 18  val_loss=0.00267  best=0.00267  bad_epochs=0
  trial 55  epoch 19  val_loss=0.00308  best=0.00267  bad_epochs=1
  trial 55  epoch 20  val_loss=0.00273  best=0.00267  bad_epochs=2
  trial 55  epoch 21  val_loss=0.00284  best=0.00267  bad_epochs=3
  trial 55  epoch 22  val_loss=0.00282  best=0.00267  bad_epochs=4
  trial 55  epoch 23  val_loss=0.00251  best=0.00251  bad_epochs=0
  trial 55  epoch 24  val_loss=0.00390  best=0.00251  bad_epochs=1
  trial 55  epoch 25  val_loss=0.00356  best=0.00251  bad_epochs=2
  trial 55  epoch 26  val_loss=0.00230  best=0.00230  bad_epochs=0
  trial 55  epoch 27  val_loss=0.00220  best=0.00220  bad_epochs=0
  trial 55  epoch 28  val_loss=0.00274  best=0.00220  bad_epochs=1
  trial 55  epoch 29  val_loss=0.00198  best=0.00198  bad_epochs=0
  trial 55  epoch 30  val_loss=0.00218  best=0.00198  bad_epochs=1
  trial 55  epoch 31  val_loss=0.00211  best=0.00198  bad_epochs=2
  trial 55  epoch 32  val_loss=0.00220  best=0.00198  bad_epochs=3
  trial 55  epoch 33  val_loss=0.00226  best=0.00198  bad_epochs=4
  trial 55  epoch 34  val_loss=0.00190  best=0.00190  bad_epochs=0
  trial 55  epoch 35  val_loss=0.00273  best=0.00190  bad_epochs=1
  trial 55  epoch 36  val_loss=0.00636  best=0.00190  bad_epochs=2
  trial 55  epoch 37  val_loss=0.00218  best=0.00190  bad_epochs=3
  trial 55  epoch 38  val_loss=0.00179  best=0.00179  bad_epochs=0
  trial 55  epoch 39  val_loss=0.00173  best=0.00173  bad_epochs=0
  trial 55  epoch 40  val_loss=0.00182  best=0.00173  bad_epochs=1
  trial 55  epoch 41  val_loss=0.00157  best=0.00157  bad_epochs=0
  trial 55  epoch 42  val_loss=0.00370  best=0.00157  bad_epochs=1
  trial 55  epoch 43  val_loss=0.00145  best=0.00145  bad_epochs=0
  trial 55  epoch 44  val_loss=0.00191  best=0.00145  bad_epochs=1
  trial 55  epoch 45  val_loss=0.00141  best=0.00141  bad_epochs=0
  trial 55  epoch 46  val_loss=0.00202  best=0.00141  bad_epochs=1
  trial 55  epoch 47  val_loss=0.00170  best=0.00141  bad_epochs=2
  trial 55  epoch 48  val_loss=0.00203  best=0.00141  bad_epochs=3
  trial 55  epoch 49  val_loss=0.00179  best=0.00141  bad_epochs=4
  trial 55  epoch 50  val_loss=0.00150  best=0.00141  bad_epochs=5
  trial 55  epoch 51  val_loss=0.00231  best=0.00141  bad_epochs=6
  trial 55  epoch 52  val_loss=0.00156  best=0.00141  bad_epochs=7
  trial 55  epoch 53  val_loss=0.00166  best=0.00141  bad_epochs=8
  trial 55  epoch 54  val_loss=0.00187  best=0.00141  bad_epochs=9
  trial 55  epoch 55  val_loss=0.00152  best=0.00141  bad_epochs=10
trial 56: hidden_dim=64 n_layers=5 lr=2.33e-03 dropout=0.024 weight_decay=1.36e-06
  trial 56  epoch 0  val_loss=0.01288  best=0.01288  bad_epochs=0
  trial 56  epoch 1  val_loss=0.00965  best=0.00965  bad_epochs=0
  trial 56  epoch 2  val_loss=0.00914  best=0.00914  bad_epochs=0
  trial 56  epoch 3  val_loss=0.01132  best=0.00914  bad_epochs=1
  trial 56  epoch 4  val_loss=0.00783  best=0.00783  bad_epochs=0
  trial 56  epoch 5  val_loss=0.00561  best=0.00561  bad_epochs=0
  trial 56  epoch 6  val_loss=0.00525  best=0.00525  bad_epochs=0
  trial 56  epoch 7  val_loss=0.00457  best=0.00457  bad_epochs=0
  trial 56  epoch 8  val_loss=0.01611  best=0.00457  bad_epochs=1
  trial 56  epoch 9  val_loss=0.00454  best=0.00454  bad_epochs=0
  trial 56  epoch 10  val_loss=0.00507  best=0.00454  bad_epochs=1
  trial 56  epoch 11  val_loss=0.00407  best=0.00407  bad_epochs=0
  trial 56  epoch 12  val_loss=0.00421  best=0.00407  bad_epochs=1
  trial 56  epoch 13  val_loss=0.00427  best=0.00407  bad_epochs=2
  trial 56  epoch 14  val_loss=0.00309  best=0.00309  bad_epochs=0
  trial 56  epoch 15  val_loss=0.00364  best=0.00309  bad_epochs=1
  trial 56  epoch 16  val_loss=0.00308  best=0.00308  bad_epochs=0
  trial 56  epoch 17  val_loss=0.00882  best=0.00308  bad_epochs=1
  trial 56  epoch 18  val_loss=0.00262  best=0.00262  bad_epochs=0
  trial 56  epoch 19  val_loss=0.00269  best=0.00262  bad_epochs=1
  trial 56  epoch 20  val_loss=0.00293  best=0.00262  bad_epochs=2
  trial 56  epoch 21  val_loss=0.00332  best=0.00262  bad_epochs=3
  trial 56  epoch 22  val_loss=0.00389  best=0.00262  bad_epochs=4
  trial 56  epoch 23  val_loss=0.00238  best=0.00238  bad_epochs=0
  trial 56  epoch 24  val_loss=0.00350  best=0.00238  bad_epochs=1
  trial 56  epoch 25  val_loss=0.00456  best=0.00238  bad_epochs=2
  trial 56  epoch 26  val_loss=0.00215  best=0.00215  bad_epochs=0
  trial 56  epoch 27  val_loss=0.00219  best=0.00215  bad_epochs=1
  trial 56  epoch 28  val_loss=0.00401  best=0.00215  bad_epochs=2
  trial 56  epoch 29  val_loss=0.00210  best=0.00210  bad_epochs=0
  trial 56  epoch 30  val_loss=0.00204  best=0.00204  bad_epochs=0
  trial 56  epoch 31  val_loss=0.00200  best=0.00200  bad_epochs=0
  trial 56  epoch 32  val_loss=0.00207  best=0.00200  bad_epochs=1
  trial 56  epoch 33  val_loss=0.00254  best=0.00200  bad_epochs=2
  trial 56  epoch 34  val_loss=0.00183  best=0.00183  bad_epochs=0
  trial 56  epoch 35  val_loss=0.00212  best=0.00183  bad_epochs=1
  trial 56  epoch 36  val_loss=0.00168  best=0.00168  bad_epochs=0
  trial 56  epoch 37  val_loss=0.00230  best=0.00168  bad_epochs=1
  trial 56  epoch 38  val_loss=0.00228  best=0.00168  bad_epochs=2
  trial 56  epoch 39  val_loss=0.00202  best=0.00168  bad_epochs=3
  trial 56  epoch 40  val_loss=0.00223  best=0.00168  bad_epochs=4
  trial 56  epoch 41  val_loss=0.00182  best=0.00168  bad_epochs=5
  trial 56  epoch 42  val_loss=0.00365  best=0.00168  bad_epochs=6
  trial 56  epoch 43  val_loss=0.00189  best=0.00168  bad_epochs=7
  trial 56  epoch 44  val_loss=0.00196  best=0.00168  bad_epochs=8
  trial 56  epoch 45  val_loss=0.00137  best=0.00137  bad_epochs=0
  trial 56  epoch 46  val_loss=0.00201  best=0.00137  bad_epochs=1
  trial 56  epoch 47  val_loss=0.00171  best=0.00137  bad_epochs=2
  trial 56  epoch 48  val_loss=0.00151  best=0.00137  bad_epochs=3
  trial 56  epoch 49  val_loss=0.00145  best=0.00137  bad_epochs=4
  trial 56  epoch 50  val_loss=0.00146  best=0.00137  bad_epochs=5
  trial 56  epoch 51  val_loss=0.00152  best=0.00137  bad_epochs=6
  trial 56  epoch 52  val_loss=0.00157  best=0.00137  bad_epochs=7
  trial 56  epoch 53  val_loss=0.00139  best=0.00137  bad_epochs=8
  trial 56  epoch 54  val_loss=0.00206  best=0.00137  bad_epochs=9
  trial 56  epoch 55  val_loss=0.00137  best=0.00137  bad_epochs=10
trial 57: hidden_dim=64 n_layers=4 lr=1.11e-03 dropout=0.046 weight_decay=2.24e-06
  trial 57  epoch 0  val_loss=0.01165  best=0.01165  bad_epochs=0
  trial 57  epoch 1  val_loss=0.00916  best=0.00916  bad_epochs=0
  trial 57  epoch 2  val_loss=0.00793  best=0.00793  bad_epochs=0
  trial 57  epoch 3  val_loss=0.00693  best=0.00693  bad_epochs=0
  trial 57  epoch 4  val_loss=0.00646  best=0.00646  bad_epochs=0
  trial 57  epoch 5  val_loss=0.00665  best=0.00646  bad_epochs=1
  trial 57  epoch 6  val_loss=0.00633  best=0.00633  bad_epochs=0
  trial 57  epoch 7  val_loss=0.00474  best=0.00474  bad_epochs=0
  trial 57  epoch 8  val_loss=0.00970  best=0.00474  bad_epochs=1
  trial 57  epoch 9  val_loss=0.00662  best=0.00474  bad_epochs=2
  trial 57  epoch 10  val_loss=0.00386  best=0.00386  bad_epochs=0
  trial 57  epoch 11  val_loss=0.00384  best=0.00384  bad_epochs=0
  trial 57  epoch 12  val_loss=0.00335  best=0.00335  bad_epochs=0
  trial 57  epoch 13  val_loss=0.00345  best=0.00335  bad_epochs=1
  trial 57  epoch 14  val_loss=0.00311  best=0.00311  bad_epochs=0
  trial 57  epoch 15  val_loss=0.00329  best=0.00311  bad_epochs=1
  trial 57  epoch 16  val_loss=0.00291  best=0.00291  bad_epochs=0
  trial 57  epoch 17  val_loss=0.00855  best=0.00291  bad_epochs=1
  trial 57  epoch 18  val_loss=0.00284  best=0.00284  bad_epochs=0
  trial 57  epoch 19  val_loss=0.00260  best=0.00260  bad_epochs=0
  trial 57  epoch 20  val_loss=0.00275  best=0.00260  bad_epochs=1
  trial 57  epoch 21  val_loss=0.00271  best=0.00260  bad_epochs=2
  trial 57  epoch 22  val_loss=0.00545  best=0.00260  bad_epochs=3
  trial 57  epoch 23  val_loss=0.00239  best=0.00239  bad_epochs=0
  trial 57  epoch 24  val_loss=0.00247  best=0.00239  bad_epochs=1
  trial 57  epoch 25  val_loss=0.00402  best=0.00239  bad_epochs=2
  trial 57  epoch 26  val_loss=0.00209  best=0.00209  bad_epochs=0
  trial 57  epoch 27  val_loss=0.00240  best=0.00209  bad_epochs=1
  trial 57  epoch 28  val_loss=0.00264  best=0.00209  bad_epochs=2
  trial 57  epoch 29  val_loss=0.00200  best=0.00200  bad_epochs=0
  trial 57  epoch 30  val_loss=0.00386  best=0.00200  bad_epochs=1
  trial 57  epoch 31  val_loss=0.00190  best=0.00190  bad_epochs=0
  trial 57  epoch 32  val_loss=0.00233  best=0.00190  bad_epochs=1
  trial 57  epoch 33  val_loss=0.00173  best=0.00173  bad_epochs=0
  trial 57  epoch 34  val_loss=0.00178  best=0.00173  bad_epochs=1
  trial 57  epoch 35  val_loss=0.00185  best=0.00173  bad_epochs=2
  trial 57  epoch 36  val_loss=0.00214  best=0.00173  bad_epochs=3
  trial 57  epoch 37  val_loss=0.00179  best=0.00173  bad_epochs=4
  trial 57  epoch 38  val_loss=0.00191  best=0.00173  bad_epochs=5
  trial 57  epoch 39  val_loss=0.00192  best=0.00173  bad_epochs=6
  trial 57  epoch 40  val_loss=0.00205  best=0.00173  bad_epochs=7
  trial 57  epoch 41  val_loss=0.00165  best=0.00165  bad_epochs=0
  trial 57  epoch 42  val_loss=0.00237  best=0.00165  bad_epochs=1
  trial 57  epoch 43  val_loss=0.00195  best=0.00165  bad_epochs=2
  trial 57  epoch 44  val_loss=0.00181  best=0.00165  bad_epochs=3
  trial 57  epoch 45  val_loss=0.00154  best=0.00154  bad_epochs=0
  trial 57  epoch 46  val_loss=0.00210  best=0.00154  bad_epochs=1
  trial 57  epoch 47  val_loss=0.00177  best=0.00154  bad_epochs=2
  trial 57  epoch 48  val_loss=0.00148  best=0.00148  bad_epochs=0
  trial 57  epoch 49  val_loss=0.00170  best=0.00148  bad_epochs=1
  trial 57  epoch 50  val_loss=0.00137  best=0.00137  bad_epochs=0
  trial 57  epoch 51  val_loss=0.00170  best=0.00137  bad_epochs=1
  trial 57  epoch 52  val_loss=0.00151  best=0.00137  bad_epochs=2
  trial 57  epoch 53  val_loss=0.00133  best=0.00133  bad_epochs=0
  trial 57  epoch 54  val_loss=0.00199  best=0.00133  bad_epochs=1
  trial 57  epoch 55  val_loss=0.00172  best=0.00133  bad_epochs=2
  trial 57  epoch 56  val_loss=0.00128  best=0.00128  bad_epochs=0
  trial 57  epoch 57  val_loss=0.00121  best=0.00121  bad_epochs=0
  trial 57  epoch 58  val_loss=0.00140  best=0.00121  bad_epochs=1
  trial 57  epoch 59  val_loss=0.00135  best=0.00121  bad_epochs=2
trial 58: hidden_dim=64 n_layers=5 lr=1.51e-03 dropout=0.042 weight_decay=2.08e-06
  trial 58  epoch 0  val_loss=0.01509  best=0.01509  bad_epochs=0
  trial 58  epoch 1  val_loss=0.01270  best=0.01270  bad_epochs=0
  trial 58  epoch 2  val_loss=0.00969  best=0.00969  bad_epochs=0
  trial 58  epoch 3  val_loss=0.00931  best=0.00931  bad_epochs=0
  trial 58  epoch 4  val_loss=0.00762  best=0.00762  bad_epochs=0
  trial 58  epoch 5  val_loss=0.00746  best=0.00746  bad_epochs=0
  trial 58  epoch 6  val_loss=0.01330  best=0.00746  bad_epochs=1
  trial 58  epoch 7  val_loss=0.00584  best=0.00584  bad_epochs=0
  trial 58  epoch 8  val_loss=0.00560  best=0.00560  bad_epochs=0
  trial 58  epoch 9  val_loss=0.00831  best=0.00560  bad_epochs=1
  trial 58  epoch 10  val_loss=0.00553  best=0.00553  bad_epochs=0
  trial 58  epoch 11  val_loss=0.00498  best=0.00498  bad_epochs=0
  trial 58  epoch 12  val_loss=0.00783  best=0.00498  bad_epochs=1
  trial 58  epoch 13  val_loss=0.00384  best=0.00384  bad_epochs=0
  trial 58  epoch 14  val_loss=0.00367  best=0.00367  bad_epochs=0
  trial 58  epoch 15  val_loss=0.00343  best=0.00343  bad_epochs=0
  trial 58  epoch 16  val_loss=0.00333  best=0.00333  bad_epochs=0
  trial 58  epoch 17  val_loss=0.00857  best=0.00333  bad_epochs=1
  trial 58  epoch 18  val_loss=0.00304  best=0.00304  bad_epochs=0
  trial 58  epoch 19  val_loss=0.00320  best=0.00304  bad_epochs=1
  trial 58  epoch 20  val_loss=0.00269  best=0.00269  bad_epochs=0
  trial 58  epoch 21  val_loss=0.00265  best=0.00265  bad_epochs=0
  trial 58  epoch 22  val_loss=0.00413  best=0.00265  bad_epochs=1
  trial 58  epoch 23  val_loss=0.00244  best=0.00244  bad_epochs=0
  trial 58  epoch 24  val_loss=0.00260  best=0.00244  bad_epochs=1
  trial 58  epoch 25  val_loss=0.00432  best=0.00244  bad_epochs=2
  trial 58  epoch 26  val_loss=0.00385  best=0.00244  bad_epochs=3
  trial 58  epoch 27  val_loss=0.00239  best=0.00239  bad_epochs=0
  trial 58  epoch 28  val_loss=0.00288  best=0.00239  bad_epochs=1
  trial 58  epoch 29  val_loss=0.00255  best=0.00239  bad_epochs=2
  trial 58  epoch 30  val_loss=0.00229  best=0.00229  bad_epochs=0
  trial 58  epoch 31  val_loss=0.00217  best=0.00217  bad_epochs=0
  trial 58  epoch 32  val_loss=0.00235  best=0.00217  bad_epochs=1
  trial 58  epoch 33  val_loss=0.00193  best=0.00193  bad_epochs=0
  trial 58  epoch 34  val_loss=0.00183  best=0.00183  bad_epochs=0
  trial 58  epoch 35  val_loss=0.00247  best=0.00183  bad_epochs=1
  trial 58  epoch 36  val_loss=0.00198  best=0.00183  bad_epochs=2
  trial 58  epoch 37  val_loss=0.00214  best=0.00183  bad_epochs=3
  trial 58  epoch 38  val_loss=0.00222  best=0.00183  bad_epochs=4
  trial 58  epoch 39  val_loss=0.00204  best=0.00183  bad_epochs=5
  trial 58  epoch 40  val_loss=0.00185  best=0.00183  bad_epochs=6
  trial 58  epoch 41  val_loss=0.00159  best=0.00159  bad_epochs=0
  trial 58  epoch 42  val_loss=0.00237  best=0.00159  bad_epochs=1
  trial 58  epoch 43  val_loss=0.00155  best=0.00155  bad_epochs=0
  trial 58  epoch 44  val_loss=0.00169  best=0.00155  bad_epochs=1
  trial 58  epoch 45  val_loss=0.00156  best=0.00155  bad_epochs=2
  trial 58  epoch 46  val_loss=0.00195  best=0.00155  bad_epochs=3
  trial 58  epoch 47  val_loss=0.00134  best=0.00134  bad_epochs=0
  trial 58  epoch 48  val_loss=0.00149  best=0.00134  bad_epochs=1
  trial 58  epoch 49  val_loss=0.00187  best=0.00134  bad_epochs=2
  trial 58  epoch 50  val_loss=0.00150  best=0.00134  bad_epochs=3
  trial 58  epoch 51  val_loss=0.00211  best=0.00134  bad_epochs=4
  trial 58  epoch 52  val_loss=0.00148  best=0.00134  bad_epochs=5
  trial 58  epoch 53  val_loss=0.00132  best=0.00132  bad_epochs=0
  trial 58  epoch 54  val_loss=0.00138  best=0.00132  bad_epochs=1
  trial 58  epoch 55  val_loss=0.00159  best=0.00132  bad_epochs=2
  trial 58  epoch 56  val_loss=0.00138  best=0.00132  bad_epochs=3
  trial 58  epoch 57  val_loss=0.00132  best=0.00132  bad_epochs=0
  trial 58  epoch 58  val_loss=0.00137  best=0.00132  bad_epochs=1
  trial 58  epoch 59  val_loss=0.00195  best=0.00132  bad_epochs=2
trial 59: hidden_dim=64 n_layers=5 lr=1.52e-03 dropout=0.039 weight_decay=2.28e-06
  trial 59  epoch 0  val_loss=0.01510  best=0.01510  bad_epochs=0
  trial 59  epoch 1  val_loss=0.01274  best=0.01274  bad_epochs=0
  trial 59  epoch 2  val_loss=0.00966  best=0.00966  bad_epochs=0
  trial 59  epoch 3  val_loss=0.00971  best=0.00966  bad_epochs=1
  trial 59  epoch 4  val_loss=0.00761  best=0.00761  bad_epochs=0
  trial 59  epoch 5  val_loss=0.00748  best=0.00748  bad_epochs=0
  trial 59  epoch 6  val_loss=0.01239  best=0.00748  bad_epochs=1
  trial 59  epoch 7  val_loss=0.00568  best=0.00568  bad_epochs=0
  trial 59  epoch 8  val_loss=0.00539  best=0.00539  bad_epochs=0
  trial 59  epoch 9  val_loss=0.00839  best=0.00539  bad_epochs=1
  trial 59  epoch 10  val_loss=0.00611  best=0.00539  bad_epochs=2
  trial 59  epoch 11  val_loss=0.00519  best=0.00519  bad_epochs=0
  trial 59  epoch 12  val_loss=0.00615  best=0.00519  bad_epochs=1
  trial 59  epoch 13  val_loss=0.00471  best=0.00471  bad_epochs=0
  trial 59  epoch 14  val_loss=0.00365  best=0.00365  bad_epochs=0
  trial 59  epoch 15  val_loss=0.00340  best=0.00340  bad_epochs=0
  trial 59  epoch 16  val_loss=0.00377  best=0.00340  bad_epochs=1
  trial 59  epoch 17  val_loss=0.00454  best=0.00340  bad_epochs=2
  trial 59  epoch 18  val_loss=0.00294  best=0.00294  bad_epochs=0
  trial 59  epoch 19  val_loss=0.00305  best=0.00294  bad_epochs=1
  trial 59  epoch 20  val_loss=0.00318  best=0.00294  bad_epochs=2
  trial 59  epoch 21  val_loss=0.00261  best=0.00261  bad_epochs=0
  trial 59  epoch 22  val_loss=0.00369  best=0.00261  bad_epochs=1
  trial 59  epoch 23  val_loss=0.00244  best=0.00244  bad_epochs=0
  trial 59  epoch 24  val_loss=0.00269  best=0.00244  bad_epochs=1
  trial 59  epoch 25  val_loss=0.00381  best=0.00244  bad_epochs=2
  trial 59  epoch 26  val_loss=0.00253  best=0.00244  bad_epochs=3
  trial 59  epoch 27  val_loss=0.00269  best=0.00244  bad_epochs=4
  trial 59  epoch 28  val_loss=0.00225  best=0.00225  bad_epochs=0
  trial 59  epoch 29  val_loss=0.00227  best=0.00225  bad_epochs=1
  trial 59  epoch 30  val_loss=0.00239  best=0.00225  bad_epochs=2
  trial 59  epoch 31  val_loss=0.00225  best=0.00225  bad_epochs=3
  trial 59  epoch 32  val_loss=0.00249  best=0.00225  bad_epochs=4
  trial 59  epoch 33  val_loss=0.00217  best=0.00217  bad_epochs=0
  trial 59  epoch 34  val_loss=0.00174  best=0.00174  bad_epochs=0
  trial 59  epoch 35  val_loss=0.00215  best=0.00174  bad_epochs=1
  trial 59  epoch 36  val_loss=0.00213  best=0.00174  bad_epochs=2
  trial 59  epoch 37  val_loss=0.00289  best=0.00174  bad_epochs=3
  trial 59  epoch 38  val_loss=0.00230  best=0.00174  bad_epochs=4
  trial 59  epoch 39  val_loss=0.00184  best=0.00174  bad_epochs=5
  trial 59  epoch 40  val_loss=0.00253  best=0.00174  bad_epochs=6
  trial 59  epoch 41  val_loss=0.00185  best=0.00174  bad_epochs=7
  trial 59  epoch 42  val_loss=0.00198  best=0.00174  bad_epochs=8
  trial 59  epoch 43  val_loss=0.00184  best=0.00174  bad_epochs=9
  trial 59  epoch 44  val_loss=0.00163  best=0.00163  bad_epochs=0
  trial 59  epoch 45  val_loss=0.00145  best=0.00145  bad_epochs=0
  trial 59  epoch 46  val_loss=0.00180  best=0.00145  bad_epochs=1
  trial 59  epoch 47  val_loss=0.00185  best=0.00145  bad_epochs=2
  trial 59  epoch 48  val_loss=0.00161  best=0.00145  bad_epochs=3
  trial 59  epoch 49  val_loss=0.00232  best=0.00145  bad_epochs=4
  trial 59  epoch 50  val_loss=0.00140  best=0.00140  bad_epochs=0
  trial 59  epoch 51  val_loss=0.00168  best=0.00140  bad_epochs=1
  trial 59  epoch 52  val_loss=0.00160  best=0.00140  bad_epochs=2
  trial 59  epoch 53  val_loss=0.00146  best=0.00140  bad_epochs=3
  trial 59  epoch 54  val_loss=0.00148  best=0.00140  bad_epochs=4
  trial 59  epoch 55  val_loss=0.00129  best=0.00129  bad_epochs=0
  trial 59  epoch 56  val_loss=0.00147  best=0.00129  bad_epochs=1
  trial 59  epoch 57  val_loss=0.00121  best=0.00121  bad_epochs=0
  trial 59  epoch 58  val_loss=0.00154  best=0.00121  bad_epochs=1
  trial 59  epoch 59  val_loss=0.00149  best=0.00121  bad_epochs=2
trial 60: hidden_dim=64 n_layers=5 lr=1.11e-03 dropout=0.041 weight_decay=2.10e-06
  trial 60  epoch 0  val_loss=0.01462  best=0.01462  bad_epochs=0
  trial 60  epoch 1  val_loss=0.01221  best=0.01221  bad_epochs=0
  trial 60  epoch 2  val_loss=0.00935  best=0.00935  bad_epochs=0
  trial 60  epoch 3  val_loss=0.00856  best=0.00856  bad_epochs=0
  trial 60  epoch 4  val_loss=0.00728  best=0.00728  bad_epochs=0
  trial 60  epoch 5  val_loss=0.00682  best=0.00682  bad_epochs=0
  trial 60  epoch 6  val_loss=0.00705  best=0.00682  bad_epochs=1
  trial 60  epoch 7  val_loss=0.00573  best=0.00573  bad_epochs=0
  trial 60  epoch 8  val_loss=0.01001  best=0.00573  bad_epochs=1
  trial 60  epoch 9  val_loss=0.00978  best=0.00573  bad_epochs=2
  trial 60  epoch 10  val_loss=0.00706  best=0.00573  bad_epochs=3
  trial 60  epoch 11  val_loss=0.00429  best=0.00429  bad_epochs=0
  trial 60  epoch 12  val_loss=0.00395  best=0.00395  bad_epochs=0
  trial 60  epoch 13  val_loss=0.00396  best=0.00395  bad_epochs=1
  trial 60  epoch 14  val_loss=0.00372  best=0.00372  bad_epochs=0
  trial 60  epoch 15  val_loss=0.00343  best=0.00343  bad_epochs=0
  trial 60  epoch 16  val_loss=0.00361  best=0.00343  bad_epochs=1
  trial 60  epoch 17  val_loss=0.00706  best=0.00343  bad_epochs=2
  trial 60  epoch 18  val_loss=0.00318  best=0.00318  bad_epochs=0
  trial 60  epoch 19  val_loss=0.00298  best=0.00298  bad_epochs=0
  trial 60  epoch 20  val_loss=0.00339  best=0.00298  bad_epochs=1
  trial 60  epoch 21  val_loss=0.00333  best=0.00298  bad_epochs=2
  trial 60  epoch 22  val_loss=0.00304  best=0.00298  bad_epochs=3
  trial 60  epoch 23  val_loss=0.00290  best=0.00290  bad_epochs=0
  trial 60: pruned at epoch 23 (val_loss=0.00290)
trial 61: hidden_dim=64 n_layers=5 lr=1.62e-03 dropout=0.013 weight_decay=2.47e-06
  trial 61  epoch 0  val_loss=0.01511  best=0.01511  bad_epochs=0
