/home/tau/ochabane/onera_468_crm_wall_distribution_regression_challenge_v2/utils/train_simple_gnn.py:51: UserWarning: The given NumPy array is not writable, and PyTorch does not support non-writable tensors. This means writing to this tensor will result in undefined behavior. You may want to copy the array to protect its data or make it writable before converting it to a tensor. This type of warning will be suppressed for the rest of this program. (Triggered internally at /pytorch/torch/csrc/utils/tensor_numpy.cpp:213.)
  coords = torch.from_numpy(np.asarray(X[:NWALLP, :3])).float()
[I 2026-08-01 14:32:23,400] Using an existing study with name 'simple_gnn_splitv3' instead of creating a new one.
[W 2026-08-01 14:32:26,686] Trial 10 failed with parameters: {'hidden_dim': 128, 'n_layers': 5, 'lr': 0.0005449385999825774, 'dropout': 0.11471829238136122, 'weight_decay': 4.571643787871429e-05} because of the following error: OutOfMemoryError('CUDA out of memory. Tried to allocate 2.49 GiB. GPU 0 has a total capacity of 10.90 GiB of which 1.38 GiB is free. Including non-PyTorch memory, this process has 9.52 GiB memory in use. Of the allocated memory 9.32 GiB is allocated by PyTorch, and 46.43 MiB is reserved by PyTorch but unallocated. If reserved but unallocated memory is large try setting PYTORCH_CUDA_ALLOC_CONF=expandable_segments:True to avoid fragmentation.  See documentation for Memory Management  (https://docs.pytorch.org/docs/stable/notes/cuda.html#optimizing-memory-usage-with-pytorch-cuda-alloc-conf)').
Traceback (most recent call last):
  File "/home/tau/ochabane/onera_468_crm_wall_distribution_regression_challenge_v2/.venv/lib64/python3.12/site-packages/optuna/study/_optimize.py", line 206, in _run_trial
    value_or_values = func(trial)
                      ^^^^^^^^^^^
  File "/home/tau/ochabane/onera_468_crm_wall_distribution_regression_challenge_v2/utils/tune_simple_gnn.py", line 148, in objective
    return run_trial(trial, args, static, train_data, device)
           ^^^^^^^^^^^^^^^^^^^^^^^^^^^^^^^^^^^^^^^^^^^^^^^^^^
  File "/home/tau/ochabane/onera_468_crm_wall_distribution_regression_challenge_v2/utils/tune_simple_gnn.py", line 84, in run_trial
    loss = sim_loss(model, edge_index, edge_weight, static_feats, cond,
           ^^^^^^^^^^^^^^^^^^^^^^^^^^^^^^^^^^^^^^^^^^^^^^^^^^^^^^^^^^^^
  File "/home/tau/ochabane/onera_468_crm_wall_distribution_regression_challenge_v2/utils/train_simple_gnn.py", line 113, in sim_loss
    pred = model(x, edge_index, edge_weight).squeeze(-1)
           ^^^^^^^^^^^^^^^^^^^^^^^^^^^^^^^^^
  File "/home/tau/ochabane/onera_468_crm_wall_distribution_regression_challenge_v2/.venv/lib64/python3.12/site-packages/torch/nn/modules/module.py", line 1778, in _wrapped_call_impl
    return self._call_impl(*args, **kwargs)
           ^^^^^^^^^^^^^^^^^^^^^^^^^^^^^^^^
  File "/home/tau/ochabane/onera_468_crm_wall_distribution_regression_challenge_v2/.venv/lib64/python3.12/site-packages/torch/nn/modules/module.py", line 1789, in _call_impl
    return forward_call(*args, **kwargs)
           ^^^^^^^^^^^^^^^^^^^^^^^^^^^^^
  File "/home/tau/ochabane/onera_468_crm_wall_distribution_regression_challenge_v2/utils/simple_gnn.py", line 92, in forward
    out = self.dropout(self.act(norm(conv(h, edge_index, edge_weight))))
                                     ^^^^^^^^^^^^^^^^^^^^^^^^^^^^^^^^
  File "/home/tau/ochabane/onera_468_crm_wall_distribution_regression_challenge_v2/.venv/lib64/python3.12/site-packages/torch/nn/modules/module.py", line 1778, in _wrapped_call_impl
    return self._call_impl(*args, **kwargs)
           ^^^^^^^^^^^^^^^^^^^^^^^^^^^^^^^^
  File "/home/tau/ochabane/onera_468_crm_wall_distribution_regression_challenge_v2/.venv/lib64/python3.12/site-packages/torch/nn/modules/module.py", line 1789, in _call_impl
    return forward_call(*args, **kwargs)
           ^^^^^^^^^^^^^^^^^^^^^^^^^^^^^
  File "/home/tau/ochabane/onera_468_crm_wall_distribution_regression_challenge_v2/utils/simple_gnn.py", line 56, in forward
    weighted.index_add_(0, dst, edge_weight.unsqueeze(-1) * x[src])
                                ~~~~~~~~~~~~~~~~~~~~~~~~~~^~~~~~~~
torch.OutOfMemoryError: CUDA out of memory. Tried to allocate 2.49 GiB. GPU 0 has a total capacity of 10.90 GiB of which 1.38 GiB is free. Including non-PyTorch memory, this process has 9.52 GiB memory in use. Of the allocated memory 9.32 GiB is allocated by PyTorch, and 46.43 MiB is reserved by PyTorch but unallocated. If reserved but unallocated memory is large try setting PYTORCH_CUDA_ALLOC_CONF=expandable_segments:True to avoid fragmentation.  See documentation for Memory Management  (https://docs.pytorch.org/docs/stable/notes/cuda.html#optimizing-memory-usage-with-pytorch-cuda-alloc-conf)
[W 2026-08-01 14:32:26,747] Trial 10 failed with value None.
[I 2026-08-01 14:37:51,831] Trial 11 pruned. 
[W 2026-08-01 14:37:52,562] Trial 12 failed with parameters: {'hidden_dim': 256, 'n_layers': 5, 'lr': 0.00019321574008202382, 'dropout': 0.4474752229734717, 'weight_decay': 4.5076073477840315e-05} because of the following error: OutOfMemoryError('CUDA out of memory. Tried to allocate 4.97 GiB. GPU 0 has a total capacity of 10.90 GiB of which 4.51 GiB is free. Including non-PyTorch memory, this process has 6.38 GiB memory in use. Of the allocated memory 6.18 GiB is allocated by PyTorch, and 33.79 MiB is reserved by PyTorch but unallocated. If reserved but unallocated memory is large try setting PYTORCH_CUDA_ALLOC_CONF=expandable_segments:True to avoid fragmentation.  See documentation for Memory Management  (https://docs.pytorch.org/docs/stable/notes/cuda.html#optimizing-memory-usage-with-pytorch-cuda-alloc-conf)').
Traceback (most recent call last):
  File "/home/tau/ochabane/onera_468_crm_wall_distribution_regression_challenge_v2/.venv/lib64/python3.12/site-packages/optuna/study/_optimize.py", line 206, in _run_trial
    value_or_values = func(trial)
                      ^^^^^^^^^^^
  File "/home/tau/ochabane/onera_468_crm_wall_distribution_regression_challenge_v2/utils/tune_simple_gnn.py", line 148, in objective
    return run_trial(trial, args, static, train_data, device)
           ^^^^^^^^^^^^^^^^^^^^^^^^^^^^^^^^^^^^^^^^^^^^^^^^^^
  File "/home/tau/ochabane/onera_468_crm_wall_distribution_regression_challenge_v2/utils/tune_simple_gnn.py", line 84, in run_trial
    loss = sim_loss(model, edge_index, edge_weight, static_feats, cond,
           ^^^^^^^^^^^^^^^^^^^^^^^^^^^^^^^^^^^^^^^^^^^^^^^^^^^^^^^^^^^^
  File "/home/tau/ochabane/onera_468_crm_wall_distribution_regression_challenge_v2/utils/train_simple_gnn.py", line 113, in sim_loss
    pred = model(x, edge_index, edge_weight).squeeze(-1)
           ^^^^^^^^^^^^^^^^^^^^^^^^^^^^^^^^^
  File "/home/tau/ochabane/onera_468_crm_wall_distribution_regression_challenge_v2/.venv/lib64/python3.12/site-packages/torch/nn/modules/module.py", line 1778, in _wrapped_call_impl
    return self._call_impl(*args, **kwargs)
           ^^^^^^^^^^^^^^^^^^^^^^^^^^^^^^^^
  File "/home/tau/ochabane/onera_468_crm_wall_distribution_regression_challenge_v2/.venv/lib64/python3.12/site-packages/torch/nn/modules/module.py", line 1789, in _call_impl
    return forward_call(*args, **kwargs)
           ^^^^^^^^^^^^^^^^^^^^^^^^^^^^^
  File "/home/tau/ochabane/onera_468_crm_wall_distribution_regression_challenge_v2/utils/simple_gnn.py", line 92, in forward
    out = self.dropout(self.act(norm(conv(h, edge_index, edge_weight))))
                                     ^^^^^^^^^^^^^^^^^^^^^^^^^^^^^^^^
  File "/home/tau/ochabane/onera_468_crm_wall_distribution_regression_challenge_v2/.venv/lib64/python3.12/site-packages/torch/nn/modules/module.py", line 1778, in _wrapped_call_impl
    return self._call_impl(*args, **kwargs)
           ^^^^^^^^^^^^^^^^^^^^^^^^^^^^^^^^
  File "/home/tau/ochabane/onera_468_crm_wall_distribution_regression_challenge_v2/.venv/lib64/python3.12/site-packages/torch/nn/modules/module.py", line 1789, in _call_impl
    return forward_call(*args, **kwargs)
           ^^^^^^^^^^^^^^^^^^^^^^^^^^^^^
  File "/home/tau/ochabane/onera_468_crm_wall_distribution_regression_challenge_v2/utils/simple_gnn.py", line 56, in forward
    weighted.index_add_(0, dst, edge_weight.unsqueeze(-1) * x[src])
                                ~~~~~~~~~~~~~~~~~~~~~~~~~~^~~~~~~~
torch.OutOfMemoryError: CUDA out of memory. Tried to allocate 4.97 GiB. GPU 0 has a total capacity of 10.90 GiB of which 4.51 GiB is free. Including non-PyTorch memory, this process has 6.38 GiB memory in use. Of the allocated memory 6.18 GiB is allocated by PyTorch, and 33.79 MiB is reserved by PyTorch but unallocated. If reserved but unallocated memory is large try setting PYTORCH_CUDA_ALLOC_CONF=expandable_segments:True to avoid fragmentation.  See documentation for Memory Management  (https://docs.pytorch.org/docs/stable/notes/cuda.html#optimizing-memory-usage-with-pytorch-cuda-alloc-conf)
[W 2026-08-01 14:37:52,564] Trial 12 failed with value None.
[W 2026-08-01 14:37:53,274] Trial 13 failed with parameters: {'hidden_dim': 256, 'n_layers': 5, 'lr': 0.0001262774211929926, 'dropout': 0.4618834302419227, 'weight_decay': 6.214638347808347e-05} because of the following error: OutOfMemoryError('CUDA out of memory. Tried to allocate 4.97 GiB. GPU 0 has a total capacity of 10.90 GiB of which 3.38 GiB is free. Including non-PyTorch memory, this process has 7.52 GiB memory in use. Of the allocated memory 7.27 GiB is allocated by PyTorch, and 86.66 MiB is reserved by PyTorch but unallocated. If reserved but unallocated memory is large try setting PYTORCH_CUDA_ALLOC_CONF=expandable_segments:True to avoid fragmentation.  See documentation for Memory Management  (https://docs.pytorch.org/docs/stable/notes/cuda.html#optimizing-memory-usage-with-pytorch-cuda-alloc-conf)').
Traceback (most recent call last):
  File "/home/tau/ochabane/onera_468_crm_wall_distribution_regression_challenge_v2/.venv/lib64/python3.12/site-packages/optuna/study/_optimize.py", line 206, in _run_trial
    value_or_values = func(trial)
                      ^^^^^^^^^^^
  File "/home/tau/ochabane/onera_468_crm_wall_distribution_regression_challenge_v2/utils/tune_simple_gnn.py", line 148, in objective
    return run_trial(trial, args, static, train_data, device)
           ^^^^^^^^^^^^^^^^^^^^^^^^^^^^^^^^^^^^^^^^^^^^^^^^^^
  File "/home/tau/ochabane/onera_468_crm_wall_distribution_regression_challenge_v2/utils/tune_simple_gnn.py", line 84, in run_trial
    loss = sim_loss(model, edge_index, edge_weight, static_feats, cond,
           ^^^^^^^^^^^^^^^^^^^^^^^^^^^^^^^^^^^^^^^^^^^^^^^^^^^^^^^^^^^^
  File "/home/tau/ochabane/onera_468_crm_wall_distribution_regression_challenge_v2/utils/train_simple_gnn.py", line 113, in sim_loss
    pred = model(x, edge_index, edge_weight).squeeze(-1)
           ^^^^^^^^^^^^^^^^^^^^^^^^^^^^^^^^^
  File "/home/tau/ochabane/onera_468_crm_wall_distribution_regression_challenge_v2/.venv/lib64/python3.12/site-packages/torch/nn/modules/module.py", line 1778, in _wrapped_call_impl
    return self._call_impl(*args, **kwargs)
           ^^^^^^^^^^^^^^^^^^^^^^^^^^^^^^^^
  File "/home/tau/ochabane/onera_468_crm_wall_distribution_regression_challenge_v2/.venv/lib64/python3.12/site-packages/torch/nn/modules/module.py", line 1789, in _call_impl
    return forward_call(*args, **kwargs)
           ^^^^^^^^^^^^^^^^^^^^^^^^^^^^^
  File "/home/tau/ochabane/onera_468_crm_wall_distribution_regression_challenge_v2/utils/simple_gnn.py", line 92, in forward
    out = self.dropout(self.act(norm(conv(h, edge_index, edge_weight))))
                                     ^^^^^^^^^^^^^^^^^^^^^^^^^^^^^^^^
  File "/home/tau/ochabane/onera_468_crm_wall_distribution_regression_challenge_v2/.venv/lib64/python3.12/site-packages/torch/nn/modules/module.py", line 1778, in _wrapped_call_impl
    return self._call_impl(*args, **kwargs)
           ^^^^^^^^^^^^^^^^^^^^^^^^^^^^^^^^
  File "/home/tau/ochabane/onera_468_crm_wall_distribution_regression_challenge_v2/.venv/lib64/python3.12/site-packages/torch/nn/modules/module.py", line 1789, in _call_impl
    return forward_call(*args, **kwargs)
           ^^^^^^^^^^^^^^^^^^^^^^^^^^^^^
  File "/home/tau/ochabane/onera_468_crm_wall_distribution_regression_challenge_v2/utils/simple_gnn.py", line 56, in forward
    weighted.index_add_(0, dst, edge_weight.unsqueeze(-1) * x[src])
                                ~~~~~~~~~~~~~~~~~~~~~~~~~~^~~~~~~~
torch.OutOfMemoryError: CUDA out of memory. Tried to allocate 4.97 GiB. GPU 0 has a total capacity of 10.90 GiB of which 3.38 GiB is free. Including non-PyTorch memory, this process has 7.52 GiB memory in use. Of the allocated memory 7.27 GiB is allocated by PyTorch, and 86.66 MiB is reserved by PyTorch but unallocated. If reserved but unallocated memory is large try setting PYTORCH_CUDA_ALLOC_CONF=expandable_segments:True to avoid fragmentation.  See documentation for Memory Management  (https://docs.pytorch.org/docs/stable/notes/cuda.html#optimizing-memory-usage-with-pytorch-cuda-alloc-conf)
[W 2026-08-01 14:37:53,275] Trial 13 failed with value None.
[W 2026-08-01 14:37:53,948] Trial 14 failed with parameters: {'hidden_dim': 256, 'n_layers': 5, 'lr': 0.00013755750985678668, 'dropout': 0.44488078519142205, 'weight_decay': 6.119775750723184e-05} because of the following error: OutOfMemoryError('CUDA out of memory. Tried to allocate 4.97 GiB. GPU 0 has a total capacity of 10.90 GiB of which 3.38 GiB is free. Including non-PyTorch memory, this process has 7.52 GiB memory in use. Of the allocated memory 7.27 GiB is allocated by PyTorch, and 86.66 MiB is reserved by PyTorch but unallocated. If reserved but unallocated memory is large try setting PYTORCH_CUDA_ALLOC_CONF=expandable_segments:True to avoid fragmentation.  See documentation for Memory Management  (https://docs.pytorch.org/docs/stable/notes/cuda.html#optimizing-memory-usage-with-pytorch-cuda-alloc-conf)').
Traceback (most recent call last):
  File "/home/tau/ochabane/onera_468_crm_wall_distribution_regression_challenge_v2/.venv/lib64/python3.12/site-packages/optuna/study/_optimize.py", line 206, in _run_trial
    value_or_values = func(trial)
                      ^^^^^^^^^^^
  File "/home/tau/ochabane/onera_468_crm_wall_distribution_regression_challenge_v2/utils/tune_simple_gnn.py", line 148, in objective
    return run_trial(trial, args, static, train_data, device)
           ^^^^^^^^^^^^^^^^^^^^^^^^^^^^^^^^^^^^^^^^^^^^^^^^^^
  File "/home/tau/ochabane/onera_468_crm_wall_distribution_regression_challenge_v2/utils/tune_simple_gnn.py", line 84, in run_trial
    loss = sim_loss(model, edge_index, edge_weight, static_feats, cond,
           ^^^^^^^^^^^^^^^^^^^^^^^^^^^^^^^^^^^^^^^^^^^^^^^^^^^^^^^^^^^^
  File "/home/tau/ochabane/onera_468_crm_wall_distribution_regression_challenge_v2/utils/train_simple_gnn.py", line 113, in sim_loss
    pred = model(x, edge_index, edge_weight).squeeze(-1)
           ^^^^^^^^^^^^^^^^^^^^^^^^^^^^^^^^^
  File "/home/tau/ochabane/onera_468_crm_wall_distribution_regression_challenge_v2/.venv/lib64/python3.12/site-packages/torch/nn/modules/module.py", line 1778, in _wrapped_call_impl
    return self._call_impl(*args, **kwargs)
           ^^^^^^^^^^^^^^^^^^^^^^^^^^^^^^^^
  File "/home/tau/ochabane/onera_468_crm_wall_distribution_regression_challenge_v2/.venv/lib64/python3.12/site-packages/torch/nn/modules/module.py", line 1789, in _call_impl
    return forward_call(*args, **kwargs)
           ^^^^^^^^^^^^^^^^^^^^^^^^^^^^^
  File "/home/tau/ochabane/onera_468_crm_wall_distribution_regression_challenge_v2/utils/simple_gnn.py", line 92, in forward
    out = self.dropout(self.act(norm(conv(h, edge_index, edge_weight))))
                                     ^^^^^^^^^^^^^^^^^^^^^^^^^^^^^^^^
  File "/home/tau/ochabane/onera_468_crm_wall_distribution_regression_challenge_v2/.venv/lib64/python3.12/site-packages/torch/nn/modules/module.py", line 1778, in _wrapped_call_impl
    return self._call_impl(*args, **kwargs)
           ^^^^^^^^^^^^^^^^^^^^^^^^^^^^^^^^
  File "/home/tau/ochabane/onera_468_crm_wall_distribution_regression_challenge_v2/.venv/lib64/python3.12/site-packages/torch/nn/modules/module.py", line 1789, in _call_impl
    return forward_call(*args, **kwargs)
           ^^^^^^^^^^^^^^^^^^^^^^^^^^^^^
  File "/home/tau/ochabane/onera_468_crm_wall_distribution_regression_challenge_v2/utils/simple_gnn.py", line 56, in forward
    weighted.index_add_(0, dst, edge_weight.unsqueeze(-1) * x[src])
                                ~~~~~~~~~~~~~~~~~~~~~~~~~~^~~~~~~~
torch.OutOfMemoryError: CUDA out of memory. Tried to allocate 4.97 GiB. GPU 0 has a total capacity of 10.90 GiB of which 3.38 GiB is free. Including non-PyTorch memory, this process has 7.52 GiB memory in use. Of the allocated memory 7.27 GiB is allocated by PyTorch, and 86.66 MiB is reserved by PyTorch but unallocated. If reserved but unallocated memory is large try setting PYTORCH_CUDA_ALLOC_CONF=expandable_segments:True to avoid fragmentation.  See documentation for Memory Management  (https://docs.pytorch.org/docs/stable/notes/cuda.html#optimizing-memory-usage-with-pytorch-cuda-alloc-conf)
[W 2026-08-01 14:37:53,949] Trial 14 failed with value None.
[W 2026-08-01 14:37:54,605] Trial 15 failed with parameters: {'hidden_dim': 256, 'n_layers': 5, 'lr': 0.00011440307532121915, 'dropout': 0.45177497258987287, 'weight_decay': 4.8878971641523616e-05} because of the following error: OutOfMemoryError('CUDA out of memory. Tried to allocate 4.97 GiB. GPU 0 has a total capacity of 10.90 GiB of which 3.38 GiB is free. Including non-PyTorch memory, this process has 7.52 GiB memory in use. Of the allocated memory 7.27 GiB is allocated by PyTorch, and 86.66 MiB is reserved by PyTorch but unallocated. If reserved but unallocated memory is large try setting PYTORCH_CUDA_ALLOC_CONF=expandable_segments:True to avoid fragmentation.  See documentation for Memory Management  (https://docs.pytorch.org/docs/stable/notes/cuda.html#optimizing-memory-usage-with-pytorch-cuda-alloc-conf)').
Traceback (most recent call last):
  File "/home/tau/ochabane/onera_468_crm_wall_distribution_regression_challenge_v2/.venv/lib64/python3.12/site-packages/optuna/study/_optimize.py", line 206, in _run_trial
    value_or_values = func(trial)
                      ^^^^^^^^^^^
  File "/home/tau/ochabane/onera_468_crm_wall_distribution_regression_challenge_v2/utils/tune_simple_gnn.py", line 148, in objective
    return run_trial(trial, args, static, train_data, device)
           ^^^^^^^^^^^^^^^^^^^^^^^^^^^^^^^^^^^^^^^^^^^^^^^^^^
  File "/home/tau/ochabane/onera_468_crm_wall_distribution_regression_challenge_v2/utils/tune_simple_gnn.py", line 84, in run_trial
    loss = sim_loss(model, edge_index, edge_weight, static_feats, cond,
           ^^^^^^^^^^^^^^^^^^^^^^^^^^^^^^^^^^^^^^^^^^^^^^^^^^^^^^^^^^^^
  File "/home/tau/ochabane/onera_468_crm_wall_distribution_regression_challenge_v2/utils/train_simple_gnn.py", line 113, in sim_loss
    pred = model(x, edge_index, edge_weight).squeeze(-1)
           ^^^^^^^^^^^^^^^^^^^^^^^^^^^^^^^^^
  File "/home/tau/ochabane/onera_468_crm_wall_distribution_regression_challenge_v2/.venv/lib64/python3.12/site-packages/torch/nn/modules/module.py", line 1778, in _wrapped_call_impl
    return self._call_impl(*args, **kwargs)
           ^^^^^^^^^^^^^^^^^^^^^^^^^^^^^^^^
  File "/home/tau/ochabane/onera_468_crm_wall_distribution_regression_challenge_v2/.venv/lib64/python3.12/site-packages/torch/nn/modules/module.py", line 1789, in _call_impl
    return forward_call(*args, **kwargs)
           ^^^^^^^^^^^^^^^^^^^^^^^^^^^^^
  File "/home/tau/ochabane/onera_468_crm_wall_distribution_regression_challenge_v2/utils/simple_gnn.py", line 92, in forward
    out = self.dropout(self.act(norm(conv(h, edge_index, edge_weight))))
                                     ^^^^^^^^^^^^^^^^^^^^^^^^^^^^^^^^
  File "/home/tau/ochabane/onera_468_crm_wall_distribution_regression_challenge_v2/.venv/lib64/python3.12/site-packages/torch/nn/modules/module.py", line 1778, in _wrapped_call_impl
    return self._call_impl(*args, **kwargs)
           ^^^^^^^^^^^^^^^^^^^^^^^^^^^^^^^^
  File "/home/tau/ochabane/onera_468_crm_wall_distribution_regression_challenge_v2/.venv/lib64/python3.12/site-packages/torch/nn/modules/module.py", line 1789, in _call_impl
    return forward_call(*args, **kwargs)
           ^^^^^^^^^^^^^^^^^^^^^^^^^^^^^
  File "/home/tau/ochabane/onera_468_crm_wall_distribution_regression_challenge_v2/utils/simple_gnn.py", line 56, in forward
    weighted.index_add_(0, dst, edge_weight.unsqueeze(-1) * x[src])
                                ~~~~~~~~~~~~~~~~~~~~~~~~~~^~~~~~~~
torch.OutOfMemoryError: CUDA out of memory. Tried to allocate 4.97 GiB. GPU 0 has a total capacity of 10.90 GiB of which 3.38 GiB is free. Including non-PyTorch memory, this process has 7.52 GiB memory in use. Of the allocated memory 7.27 GiB is allocated by PyTorch, and 86.66 MiB is reserved by PyTorch but unallocated. If reserved but unallocated memory is large try setting PYTORCH_CUDA_ALLOC_CONF=expandable_segments:True to avoid fragmentation.  See documentation for Memory Management  (https://docs.pytorch.org/docs/stable/notes/cuda.html#optimizing-memory-usage-with-pytorch-cuda-alloc-conf)
[W 2026-08-01 14:37:54,606] Trial 15 failed with value None.
[2026-08-01T14:43:38.026] error: *** JOB 437153 ON margpu027 CANCELLED AT 2026-08-01T14:43:38 DUE to SIGNAL Terminated ***
