Traceback (most recent call last):
  File "/home/tau/ochabane/onera_468_crm_wall_distribution_regression_challenge_v2/utils/paper_global_mlp.py", line 261, in <module>
    main()
  File "/home/tau/ochabane/onera_468_crm_wall_distribution_regression_challenge_v2/utils/paper_global_mlp.py", line 210, in main
    model = GlobalMLP(HIDDEN, NWALLP).to(device)
            ^^^^^^^^^^^^^^^^^^^^^^^^^^^^^^^^^^^^
  File "/home/tau/ochabane/onera_468_crm_wall_distribution_regression_challenge_v2/.venv/lib64/python3.12/site-packages/torch/nn/modules/module.py", line 1383, in to
    return self._apply(convert)
           ^^^^^^^^^^^^^^^^^^^^
  File "/home/tau/ochabane/onera_468_crm_wall_distribution_regression_challenge_v2/.venv/lib64/python3.12/site-packages/torch/nn/modules/module.py", line 933, in _apply
    module._apply(fn)
  File "/home/tau/ochabane/onera_468_crm_wall_distribution_regression_challenge_v2/.venv/lib64/python3.12/site-packages/torch/nn/modules/module.py", line 933, in _apply
    module._apply(fn)
  File "/home/tau/ochabane/onera_468_crm_wall_distribution_regression_challenge_v2/.venv/lib64/python3.12/site-packages/torch/nn/modules/module.py", line 964, in _apply
    param_applied = fn(param)
                    ^^^^^^^^^
  File "/home/tau/ochabane/onera_468_crm_wall_distribution_regression_challenge_v2/.venv/lib64/python3.12/site-packages/torch/nn/modules/module.py", line 1369, in convert
    return t.to(
           ^^^^^
torch.OutOfMemoryError: CUDA out of memory. Tried to allocate 16.02 GiB. GPU 0 has a total capacity of 15.89 GiB of which 15.24 GiB is free. Including non-PyTorch memory, this process has 660.00 MiB memory in use. Of the allocated memory 400.98 MiB is allocated by PyTorch, and 3.02 MiB is reserved by PyTorch but unallocated. If reserved but unallocated memory is large try setting PYTORCH_CUDA_ALLOC_CONF=expandable_segments:True to avoid fragmentation.  See documentation for Memory Management  (https://docs.pytorch.org/docs/stable/notes/cuda.html#optimizing-memory-usage-with-pytorch-cuda-alloc-conf)
