Loading static graph/features (shared across all trials, k fixed)...
n_train=324  sigma_ref=0.00877
trial 62: hidden_dim=64 n_layers=5 lr=1.44e-03 dropout=0.015 weight_decay=1.00e-06
  trial 62  epoch 0  val_loss=0.01468  best=0.01468  bad_epochs=0
  trial 62  epoch 5  val_loss=0.00741  best=0.00733  bad_epochs=1
  trial 62  epoch 10  val_loss=0.00696  best=0.00602  bad_epochs=2
  trial 62  epoch 15  val_loss=0.00342  best=0.00342  bad_epochs=0
  trial 62  epoch 20  val_loss=0.00316  best=0.00311  bad_epochs=1
  trial 62  epoch 25  val_loss=0.00441  best=0.00255  bad_epochs=2
  trial 62  epoch 30  val_loss=0.00284  best=0.00227  bad_epochs=4
  trial 62  epoch 35  val_loss=0.00236  best=0.00185  bad_epochs=1
  trial 62  epoch 40  val_loss=0.00187  best=0.00185  bad_epochs=2
  trial 62  epoch 45  val_loss=0.00163  best=0.00156  bad_epochs=2
  trial 62  epoch 50  val_loss=0.00129  best=0.00129  bad_epochs=0
  trial 62  epoch 55  val_loss=0.00170  best=0.00129  bad_epochs=5
  trial 62  [internal val]  R2=0.9409  worst_rMAE=0.0473  mean_rMAE=0.0286  mean_KLw=3.8238  max_KLw=7.0276
trial 63: hidden_dim=64 n_layers=5 lr=1.51e-03 dropout=0.070 weight_decay=1.01e-06
  trial 63  epoch 0  val_loss=0.01500  best=0.01500  bad_epochs=0
  trial 63  epoch 5  val_loss=0.00718  best=0.00718  bad_epochs=0
  trial 63  epoch 10  val_loss=0.00662  best=0.00546  bad_epochs=3
  trial 63  epoch 15  val_loss=0.00375  best=0.00375  bad_epochs=0
  trial 63  epoch 20  val_loss=0.00310  best=0.00295  bad_epochs=1
  trial 63: pruned at epoch 23 (val_loss=0.00285)
trial 64: hidden_dim=64 n_layers=5 lr=2.01e-03 dropout=0.015 weight_decay=3.93e-06
  trial 64  epoch 0  val_loss=0.01332  best=0.01332  bad_epochs=0
  trial 64  epoch 5  val_loss=0.00573  best=0.00573  bad_epochs=0
  trial 64  epoch 10  val_loss=0.00685  best=0.00531  bad_epochs=3
  trial 64  epoch 15  val_loss=0.00419  best=0.00360  bad_epochs=1
  trial 64  epoch 20  val_loss=0.00268  best=0.00268  bad_epochs=0
  trial 64  epoch 25  val_loss=0.00358  best=0.00234  bad_epochs=2
  trial 64  epoch 30  val_loss=0.00227  best=0.00227  bad_epochs=0
  trial 64  epoch 35  val_loss=0.00211  best=0.00184  bad_epochs=1
  trial 64  epoch 40  val_loss=0.00244  best=0.00184  bad_epochs=6
  trial 64  [internal val]  R2=0.9160  worst_rMAE=0.0597  mean_rMAE=0.0335  mean_KLw=4.5890  max_KLw=7.9462
trial 65: hidden_dim=64 n_layers=5 lr=1.03e-03 dropout=0.045 weight_decay=2.50e-06
  trial 65  epoch 0  val_loss=0.01447  best=0.01447  bad_epochs=0
  trial 65  epoch 5  val_loss=0.00692  best=0.00692  bad_epochs=0
  trial 65  epoch 10  val_loss=0.00835  best=0.00556  bad_epochs=3
  trial 65  epoch 15  val_loss=0.00341  best=0.00341  bad_epochs=0
  trial 65  epoch 20  val_loss=0.00363  best=0.00326  bad_epochs=2
  trial 65  epoch 25  val_loss=0.00556  best=0.00256  bad_epochs=2
  trial 65  epoch 30  val_loss=0.00315  best=0.00226  bad_epochs=1
  trial 65  epoch 35  val_loss=0.00213  best=0.00190  bad_epochs=1
  trial 65  epoch 40  val_loss=0.00205  best=0.00186  bad_epochs=1
  trial 65  epoch 45  val_loss=0.00159  best=0.00152  bad_epochs=2
  trial 65  epoch 50  val_loss=0.00130  best=0.00130  bad_epochs=0
  trial 65  epoch 55  val_loss=0.00151  best=0.00130  bad_epochs=5
  trial 65  [internal val]  R2=0.9506  worst_rMAE=0.0454  mean_rMAE=0.0257  mean_KLw=3.1993  max_KLw=6.6638
trial 66: hidden_dim=64 n_layers=5 lr=1.04e-03 dropout=0.017 weight_decay=2.49e-06
  trial 66  epoch 0  val_loss=0.01428  best=0.01428  bad_epochs=0
  trial 66  epoch 5  val_loss=0.00672  best=0.00672  bad_epochs=0
  trial 66  epoch 10  val_loss=0.00790  best=0.00575  bad_epochs=3
  trial 66  epoch 15  val_loss=0.00343  best=0.00339  bad_epochs=1
  trial 66  epoch 20  val_loss=0.00315  best=0.00293  bad_epochs=1
  trial 66  epoch 25  val_loss=0.00469  best=0.00262  bad_epochs=2
  trial 66  epoch 30  val_loss=0.00227  best=0.00227  bad_epochs=0
  trial 66: pruned at epoch 31 (val_loss=0.00244)
trial 67: hidden_dim=64 n_layers=5 lr=6.81e-04 dropout=0.051 weight_decay=1.35e-06
  trial 67  epoch 0  val_loss=0.01432  best=0.01432  bad_epochs=0
  trial 67  epoch 5  val_loss=0.00719  best=0.00704  bad_epochs=1
  trial 67  epoch 10  val_loss=0.00728  best=0.00518  bad_epochs=3
  trial 67  epoch 15  val_loss=0.00364  best=0.00349  bad_epochs=1
  trial 67: pruned at epoch 18 (val_loss=0.00359)
trial 68: hidden_dim=64 n_layers=5 lr=2.32e-03 dropout=0.076 weight_decay=3.64e-06
  trial 68  epoch 0  val_loss=0.01325  best=0.01325  bad_epochs=0
  trial 68  epoch 5  val_loss=0.00771  best=0.00711  bad_epochs=1
  trial 68  epoch 10  val_loss=0.00514  best=0.00460  bad_epochs=3
  trial 68  epoch 15  val_loss=0.00362  best=0.00303  bad_epochs=1
  trial 68  epoch 20  val_loss=0.00305  best=0.00300  bad_epochs=1
  trial 68  epoch 25  val_loss=0.00261  best=0.00255  bad_epochs=4
  trial 68  epoch 30  val_loss=0.00353  best=0.00212  bad_epochs=1
  trial 68  epoch 35  val_loss=0.00206  best=0.00182  bad_epochs=1
  trial 68  epoch 40  val_loss=0.00224  best=0.00182  bad_epochs=6
  trial 68  epoch 45  val_loss=0.00154  best=0.00154  bad_epochs=0
  trial 68  epoch 50  val_loss=0.00152  best=0.00145  bad_epochs=3
  trial 68  epoch 55  val_loss=0.00161  best=0.00145  bad_epochs=8
  trial 68  [internal val]  R2=0.9379  worst_rMAE=0.0523  mean_rMAE=0.0287  mean_KLw=3.7473  max_KLw=7.8186
trial 69: hidden_dim=64 n_layers=4 lr=8.81e-04 dropout=0.104 weight_decay=2.48e-06
  trial 69  epoch 0  val_loss=0.01219  best=0.01219  bad_epochs=0
  trial 69  epoch 5  val_loss=0.00765  best=0.00657  bad_epochs=1
  trial 69  epoch 10  val_loss=0.00597  best=0.00536  bad_epochs=1
  trial 69  epoch 15  val_loss=0.00345  best=0.00345  bad_epochs=0
  trial 69  epoch 20  val_loss=0.00335  best=0.00292  bad_epochs=2
  trial 69  epoch 25  val_loss=0.00503  best=0.00249  bad_epochs=3
  trial 69  epoch 30  val_loss=0.00294  best=0.00214  bad_epochs=2
  trial 69  epoch 35  val_loss=0.00193  best=0.00189  bad_epochs=1
  trial 69  epoch 40  val_loss=0.00180  best=0.00180  bad_epochs=0
  trial 69  epoch 45  val_loss=0.00160  best=0.00160  bad_epochs=0
  trial 69  epoch 50  val_loss=0.00148  best=0.00148  bad_epochs=0
  trial 69  epoch 55  val_loss=0.00156  best=0.00148  bad_epochs=5
  trial 69  [internal val]  R2=0.9435  worst_rMAE=0.0479  mean_rMAE=0.0281  mean_KLw=3.6587  max_KLw=6.8211
trial 70: hidden_dim=64 n_layers=4 lr=8.77e-04 dropout=0.103 weight_decay=4.68e-06
  trial 70  epoch 0  val_loss=0.01219  best=0.01219  bad_epochs=0
  trial 70  epoch 5  val_loss=0.00763  best=0.00655  bad_epochs=1
  trial 70  epoch 10  val_loss=0.00585  best=0.00534  bad_epochs=1
  trial 70  epoch 15  val_loss=0.00348  best=0.00348  bad_epochs=0
  trial 70  epoch 20  val_loss=0.00324  best=0.00311  bad_epochs=1
  trial 70  epoch 25  val_loss=0.00606  best=0.00253  bad_epochs=3
  trial 70  epoch 30  val_loss=0.00235  best=0.00215  bad_epochs=1
  trial 70  epoch 35  val_loss=0.00191  best=0.00188  bad_epochs=1
  trial 70  epoch 40  val_loss=0.00185  best=0.00185  bad_epochs=0
  trial 70  epoch 45  val_loss=0.00171  best=0.00171  bad_epochs=0
  trial 70  epoch 50  val_loss=0.00154  best=0.00154  bad_epochs=0
  trial 70  epoch 55  val_loss=0.00157  best=0.00154  bad_epochs=5
  trial 70  [internal val]  R2=0.9432  worst_rMAE=0.0502  mean_rMAE=0.0280  mean_KLw=3.5941  max_KLw=7.0878
trial 71: hidden_dim=64 n_layers=4 lr=6.11e-04 dropout=0.103 weight_decay=4.44e-06
  trial 71  epoch 0  val_loss=0.01282  best=0.01282  bad_epochs=0
  trial 71  epoch 5  val_loss=0.00736  best=0.00669  bad_epochs=1
  trial 71  epoch 10  val_loss=0.00468  best=0.00468  bad_epochs=0
  trial 71  epoch 15  val_loss=0.00366  best=0.00366  bad_epochs=0
  trial 71  epoch 20  val_loss=0.00346  best=0.00306  bad_epochs=1
  trial 71: pruned at epoch 23 (val_loss=0.00289)
trial 72: hidden_dim=64 n_layers=4 lr=8.65e-04 dropout=0.111 weight_decay=2.76e-06
  trial 72  epoch 0  val_loss=0.01224  best=0.01224  bad_epochs=0
  trial 72  epoch 5  val_loss=0.00782  best=0.00660  bad_epochs=1
  trial 72  epoch 10  val_loss=0.00592  best=0.00549  bad_epochs=1
  trial 72  epoch 15  val_loss=0.00344  best=0.00344  bad_epochs=0
  trial 72  epoch 20  val_loss=0.00367  best=0.00302  bad_epochs=2
  trial 72: pruned at epoch 23 (val_loss=0.00313)
trial 73: hidden_dim=64 n_layers=4 lr=4.18e-04 dropout=0.076 weight_decay=7.29e-06
  trial 73  epoch 0  val_loss=0.01363  best=0.01363  bad_epochs=0
  trial 73  epoch 5  val_loss=0.00745  best=0.00745  bad_epochs=0
  trial 73  epoch 10  val_loss=0.00502  best=0.00502  bad_epochs=0
  trial 73  epoch 15  val_loss=0.00378  best=0.00378  bad_epochs=0
  trial 73: pruned at epoch 18 (val_loss=0.00339)
trial 74: hidden_dim=64 n_layers=4 lr=1.17e-03 dropout=0.037 weight_decay=3.30e-06
  trial 74  epoch 0  val_loss=0.01155  best=0.01155  bad_epochs=0
  trial 74  epoch 5  val_loss=0.00641  best=0.00641  bad_epochs=0
  trial 74  epoch 10  val_loss=0.00416  best=0.00416  bad_epochs=0
  trial 74  epoch 15  val_loss=0.00333  best=0.00310  bad_epochs=1
  trial 74  epoch 20  val_loss=0.00270  best=0.00254  bad_epochs=2
  trial 74  epoch 25  val_loss=0.00510  best=0.00237  bad_epochs=2
  trial 74  epoch 30  val_loss=0.00351  best=0.00190  bad_epochs=1
  trial 74  epoch 35  val_loss=0.00208  best=0.00171  bad_epochs=1
  trial 74  epoch 40  val_loss=0.00183  best=0.00171  bad_epochs=6
  trial 74  epoch 45  val_loss=0.00149  best=0.00149  bad_epochs=0
  trial 74  epoch 50  val_loss=0.00132  best=0.00132  bad_epochs=0
  trial 74  epoch 55  val_loss=0.00142  best=0.00132  bad_epochs=5
  trial 74  [internal val]  R2=0.9395  worst_rMAE=0.0449  mean_rMAE=0.0282  mean_KLw=3.6964  max_KLw=6.3999
trial 75: hidden_dim=32 n_layers=4 lr=7.90e-04 dropout=0.058 weight_decay=4.78e-06
  trial 75  epoch 0  val_loss=0.01570  best=0.01570  bad_epochs=0
  trial 75  epoch 5  val_loss=0.00689  best=0.00689  bad_epochs=0
  trial 75  epoch 10  val_loss=0.00497  best=0.00487  bad_epochs=2
  trial 75  epoch 15  val_loss=0.00389  best=0.00378  bad_epochs=1
  trial 75  epoch 20  val_loss=0.00304  best=0.00304  bad_epochs=0
  trial 75  epoch 25  val_loss=0.00276  best=0.00265  bad_epochs=2
  trial 75: pruned at epoch 29 (val_loss=0.00282)
trial 76: hidden_dim=64 n_layers=4 lr=1.76e-03 dropout=0.138 weight_decay=2.18e-06
  trial 76  epoch 0  val_loss=0.01113  best=0.01113  bad_epochs=0
  trial 76  epoch 5  val_loss=0.00647  best=0.00566  bad_epochs=1
  trial 76  epoch 10  val_loss=0.00410  best=0.00383  bad_epochs=2
  trial 76  epoch 15  val_loss=0.00372  best=0.00310  bad_epochs=1
  trial 76  epoch 20  val_loss=0.00226  best=0.00226  bad_epochs=0
  trial 76  epoch 25  val_loss=0.00282  best=0.00222  bad_epochs=1
  trial 76  epoch 30  val_loss=0.00202  best=0.00202  bad_epochs=0
  trial 76  epoch 35  val_loss=0.00191  best=0.00167  bad_epochs=2
  trial 76  epoch 40  val_loss=0.00154  best=0.00154  bad_epochs=0
  trial 76  epoch 45  val_loss=0.00143  best=0.00143  bad_epochs=2
  trial 76  epoch 50  val_loss=0.00128  best=0.00128  bad_epochs=0
  trial 76  epoch 55  val_loss=0.00136  best=0.00128  bad_epochs=5
  trial 76  [internal val]  R2=0.9414  worst_rMAE=0.0465  mean_rMAE=0.0283  mean_KLw=3.7200  max_KLw=6.6207
trial 77: hidden_dim=64 n_layers=4 lr=1.04e-03 dropout=0.091 weight_decay=1.65e-06
  trial 77  epoch 0  val_loss=0.01193  best=0.01193  bad_epochs=0
  trial 77  epoch 5  val_loss=0.00720  best=0.00645  bad_epochs=1
  trial 77  epoch 10  val_loss=0.00744  best=0.00491  bad_epochs=2
  trial 77  epoch 15  val_loss=0.00328  best=0.00328  bad_epochs=0
  trial 77  epoch 20  val_loss=0.00297  best=0.00272  bad_epochs=2
  trial 77  epoch 25  val_loss=0.00346  best=0.00245  bad_epochs=4
  trial 77  epoch 30  val_loss=0.00270  best=0.00200  bad_epochs=1
  trial 77  epoch 35  val_loss=0.00213  best=0.00176  bad_epochs=2
  trial 77  epoch 40  val_loss=0.00181  best=0.00176  bad_epochs=7
  trial 77  epoch 45  val_loss=0.00150  best=0.00150  bad_epochs=0
  trial 77  epoch 50  val_loss=0.00148  best=0.00148  bad_epochs=0
  trial 77  epoch 55  val_loss=0.00140  best=0.00140  bad_epochs=0
  trial 77  [internal val]  R2=0.9432  worst_rMAE=0.0511  mean_rMAE=0.0272  mean_KLw=3.3913  max_KLw=7.0245
trial 78: hidden_dim=64 n_layers=4 lr=1.24e-03 dropout=0.083 weight_decay=1.71e-06
  trial 78  epoch 0  val_loss=0.01164  best=0.01164  bad_epochs=0
  trial 78  epoch 5  val_loss=0.00659  best=0.00656  bad_epochs=2
  trial 78  epoch 10  val_loss=0.00409  best=0.00409  bad_epochs=0
  trial 78  epoch 15  val_loss=0.00321  best=0.00300  bad_epochs=1
  trial 78  epoch 20  val_loss=0.00278  best=0.00259  bad_epochs=2
  trial 78  epoch 25  val_loss=0.00817  best=0.00214  bad_epochs=2
  trial 78  epoch 30  val_loss=0.00273  best=0.00207  bad_epochs=2
  trial 78  epoch 35  val_loss=0.00218  best=0.00170  bad_epochs=1
  trial 78  epoch 40  val_loss=0.00166  best=0.00166  bad_epochs=2
  trial 78  epoch 45  val_loss=0.00140  best=0.00140  bad_epochs=0
  trial 78  epoch 50  val_loss=0.00133  best=0.00133  bad_epochs=0
  trial 78  epoch 55  val_loss=0.00156  best=0.00133  bad_epochs=5
  trial 78  [internal val]  R2=0.9463  worst_rMAE=0.0494  mean_rMAE=0.0268  mean_KLw=3.3481  max_KLw=7.0128
trial 79: hidden_dim=64 n_layers=4 lr=1.27e-03 dropout=0.053 weight_decay=1.83e-06
  trial 79  epoch 0  val_loss=0.01147  best=0.01147  bad_epochs=0
  trial 79  epoch 5  val_loss=0.00598  best=0.00598  bad_epochs=0
  trial 79  epoch 10  val_loss=0.00450  best=0.00450  bad_epochs=0
  trial 79  epoch 15  val_loss=0.00337  best=0.00287  bad_epochs=1
  trial 79  epoch 20  val_loss=0.00268  best=0.00252  bad_epochs=2
  trial 79  epoch 25  val_loss=0.00912  best=0.00226  bad_epochs=2
  trial 79  epoch 30  val_loss=0.00383  best=0.00208  bad_epochs=1
  trial 79  epoch 35  val_loss=0.00186  best=0.00163  bad_epochs=1
  trial 79  epoch 40  val_loss=0.00177  best=0.00163  bad_epochs=6
  trial 79  epoch 45  val_loss=0.00135  best=0.00135  bad_epochs=0
  trial 79  epoch 50  val_loss=0.00128  best=0.00128  bad_epochs=0
  trial 79  epoch 55  val_loss=0.00207  best=0.00128  bad_epochs=5
  trial 79  [internal val]  R2=0.9484  worst_rMAE=0.0445  mean_rMAE=0.0262  mean_KLw=3.2729  max_KLw=6.3583

Best trial:
  value (val loss): 0.00108
  hidden_dim: 64
  n_layers: 5
  lr: 0.0010315204145019904
  dropout: 0.04488877589543919
  weight_decay: 2.503177453309119e-06
  [internal val]  R2=0.9506  worst_rMAE=0.0454  mean_rMAE=0.0257  mean_KLw=3.1993  max_KLw=6.6638

80 trials total (40 pruned, 30 completed)
