device: cpu
Loading data...
n_train=324  n_test1=72  n_test2=72
model parameters: 4,320,815,030
Training Global MLP (hidden=(75, 120, 1226, 16490), 200 epochs, batch=32)...
epoch    0  train MSE (scaled) = 0.460622  elapsed = 93.9s
epoch   10  train MSE (scaled) = 0.026211  elapsed = 1015.3s
epoch   20  train MSE (scaled) = 0.021787  elapsed = 1936.7s
epoch   30  train MSE (scaled) = 0.019018  elapsed = 2857.6s
epoch   40  train MSE (scaled) = 0.014867  elapsed = 3777.9s
epoch   50  train MSE (scaled) = 0.020153  elapsed = 4703.0s
epoch   60  train MSE (scaled) = 0.014292  elapsed = 5628.6s
epoch   70  train MSE (scaled) = 0.014885  elapsed = 6547.8s
epoch   80  train MSE (scaled) = 0.010015  elapsed = 7466.2s
epoch   90  train MSE (scaled) = 0.009175  elapsed = 8387.1s
epoch  100  train MSE (scaled) = 0.009452  elapsed = 9308.8s
epoch  110  train MSE (scaled) = 0.011735  elapsed = 10237.1s
epoch  120  train MSE (scaled) = 0.007144  elapsed = 11158.8s
epoch  130  train MSE (scaled) = 0.007189  elapsed = 12083.2s
epoch  140  train MSE (scaled) = 0.005656  elapsed = 13008.5s
epoch  150  train MSE (scaled) = 0.004800  elapsed = 13934.7s
epoch  160  train MSE (scaled) = 0.006579  elapsed = 14859.3s
epoch  170  train MSE (scaled) = 0.008993  elapsed = 15780.4s
epoch  180  train MSE (scaled) = 0.014634  elapsed = 16705.9s
epoch  190  train MSE (scaled) = 0.009265  elapsed = 17631.8s
epoch  199  train MSE (scaled) = 0.004186  elapsed = 18466.3s
Training done in 18466.3s

Global MLP -- Phase 1 (interpolation)
  R2      : 0.988088
  wrMAE   : 0.030361  (worst sim idx 70)
  mean_KL : 0.754292  (worst sim idx 22, KL=3.507015)
  score   : 9.788635

Global MLP -- Phase 2 (extrapolation)
  R2      : 0.889240
  wrMAE   : 0.072879  (worst sim idx 70)
  mean_KL : 5.169540  (worst sim idx 64, KL=7.190685)
  score   : 9.081806

Saved: utils/paper_global_mlp_y_pred1.npy, utils/paper_global_mlp_y_pred2.npy
Saved: /data/tau/iceberg_1/shared/ochabane/FILES_RHO_ALL_POINTS_reduitfloat32/paper_global_mlp_model.pt
